Component: ARM Compiler 5.06 update 6 (build 750) Tool: armlink [4d35ed]

==============================================================================

Section Cross References

    startup_stm32f407xx.o(RESET) refers to startup_stm32f407xx.o(STACK) for __initial_sp
    startup_stm32f407xx.o(RESET) refers to startup_stm32f407xx.o(.text) for Reset_Handler
    startup_stm32f407xx.o(RESET) refers to stm32f4xx_it.o(i.NMI_Handler) for NMI_Handler
    startup_stm32f407xx.o(RESET) refers to stm32f4xx_it.o(i.HardFault_Handler) for HardFault_Handler
    startup_stm32f407xx.o(RESET) refers to stm32f4xx_it.o(i.MemManage_Handler) for MemManage_Handler
    startup_stm32f407xx.o(RESET) refers to stm32f4xx_it.o(i.BusFault_Handler) for BusFault_Handler
    startup_stm32f407xx.o(RESET) refers to stm32f4xx_it.o(i.UsageFault_Handler) for UsageFault_Handler
    startup_stm32f407xx.o(RESET) refers to stm32f4xx_it.o(i.SVC_Handler) for SVC_Handler
    startup_stm32f407xx.o(RESET) refers to stm32f4xx_it.o(i.DebugMon_Handler) for DebugMon_Handler
    startup_stm32f407xx.o(RESET) refers to stm32f4xx_it.o(i.PendSV_Handler) for PendSV_Handler
    startup_stm32f407xx.o(RESET) refers to stm32f4xx_it.o(i.SysTick_Handler) for SysTick_Handler
    startup_stm32f407xx.o(RESET) refers to stm32f4xx_it.o(i.TIM2_IRQHandler) for TIM2_IRQHandler
    startup_stm32f407xx.o(RESET) refers to stm32f4xx_it.o(i.TIM3_IRQHandler) for TIM3_IRQHandler
    startup_stm32f407xx.o(RESET) refers to stm32f4xx_it.o(i.USART3_IRQHandler) for USART3_IRQHandler
    startup_stm32f407xx.o(RESET) refers to stm32f4xx_it.o(i.DMA2_Stream4_IRQHandler) for DMA2_Stream4_IRQHandler
    startup_stm32f407xx.o(RESET) refers to stm32f4xx_it.o(i.OTG_FS_IRQHandler) for OTG_FS_IRQHandler
    startup_stm32f407xx.o(.text) refers to system_stm32f4xx.o(i.SystemInit) for SystemInit
    startup_stm32f407xx.o(.text) refers to entry.o(.ARM.Collect$$$$00000000) for __main
    main.o(i.ADS1115_Getdata) refers to stm32f4xx_hal.o(i.HAL_Delay) for HAL_Delay
    main.o(i.ADS1115_Getdata) refers to stm32f4xx_hal_i2c.o(i.HAL_I2C_Master_Transmit) for HAL_I2C_Master_Transmit
    main.o(i.ADS1115_Getdata) refers to stm32f4xx_hal_i2c.o(i.HAL_I2C_Master_Receive) for HAL_I2C_Master_Receive
    main.o(i.ADS1115_Getdata) refers to main.o(.data) for .data
    main.o(i.ADS1115_Getdata) refers to i2c.o(.bss) for hi2c1
    main.o(i.Breath_update) refers to stm32f4xx_hal_tim.o(i.HAL_TIM_Base_Stop_IT) for HAL_TIM_Base_Stop_IT
    main.o(i.Breath_update) refers to stm32f4xx_hal_tim.o(i.HAL_TIM_Base_Start_IT) for HAL_TIM_Base_Start_IT
    main.o(i.Breath_update) refers to main.o(.data) for .data
    main.o(i.Breath_update) refers to tim.o(.bss) for htim2
    main.o(i.Decode) refers to main.o(.data) for .data
    main.o(i.F_delPCalc) refers to dfltui.o(.text) for __aeabi_ui2d
    main.o(i.F_delPCalc) refers to dflti.o(.text) for __aeabi_i2d
    main.o(i.F_delPCalc) refers to ddiv.o(.text) for __aeabi_ddiv
    main.o(i.F_delPCalc) refers to dadd.o(.text) for __aeabi_dadd
    main.o(i.F_delPCalc) refers to dfixui.o(.text) for __aeabi_d2uiz
    main.o(i.F_delPCalc) refers to main.o(.data) for .data
    main.o(i.F_gPCalc) refers to main.o(.data) for .data
    main.o(i.GetFlow) refers to main.o(i.ADS1115_Getdata) for ADS1115_Getdata
    main.o(i.GetFlow) refers to main.o(i.F_delPCalc) for F_delPCalc
    main.o(i.GetFlow) refers to main.o(i.Raw_Volt) for Raw_Volt
    main.o(i.GetFlow) refers to main.o(.data) for .data
    main.o(i.HAL_TIM_PeriodElapsedCallback) refers to stm32f4xx_hal_tim.o(i.HAL_TIM_Base_Stop_IT) for HAL_TIM_Base_Stop_IT
    main.o(i.HAL_TIM_PeriodElapsedCallback) refers to stm32f4xx_hal_tim.o(i.HAL_TIM_Base_Start_IT) for HAL_TIM_Base_Start_IT
    main.o(i.HAL_TIM_PeriodElapsedCallback) refers to main.o(i.Breath_update) for Breath_update
    main.o(i.HAL_TIM_PeriodElapsedCallback) refers to ddiv.o(.text) for __aeabi_ddiv
    main.o(i.HAL_TIM_PeriodElapsedCallback) refers to dmul.o(.text) for __aeabi_dmul
    main.o(i.HAL_TIM_PeriodElapsedCallback) refers to d2f.o(.text) for __aeabi_d2f
    main.o(i.HAL_TIM_PeriodElapsedCallback) refers to main.o(.data) for .data
    main.o(i.HAL_TIM_PeriodElapsedCallback) refers to tim.o(.bss) for htim2
    main.o(i.HAL_UART_RxCpltCallback) refers to main.o(i.Decode) for Decode
    main.o(i.HAL_UART_RxCpltCallback) refers to main.o(i.Task_ReceivingPara) for Task_ReceivingPara
    main.o(i.HAL_UART_RxCpltCallback) refers to main.o(.data) for .data
    main.o(i.Raw_Volt) refers to dfltui.o(.text) for __aeabi_ui2d
    main.o(i.Raw_Volt) refers to dmul.o(.text) for __aeabi_dmul
    main.o(i.Raw_Volt) refers to d2f.o(.text) for __aeabi_d2f
    main.o(i.SystemClock_Config) refers to memseta.o(.text) for __aeabi_memclr4
    main.o(i.SystemClock_Config) refers to stm32f4xx_hal_rcc.o(i.HAL_RCC_OscConfig) for HAL_RCC_OscConfig
    main.o(i.SystemClock_Config) refers to stm32f4xx_hal_rcc.o(i.HAL_RCC_ClockConfig) for HAL_RCC_ClockConfig
[...]
    _printf_pre_padding                      0x00000000   Number         0  stubs.o ABSOLUTE
    _printf_return_value                     0x00000000   Number         0  stubs.o ABSOLUTE
    _printf_s                                0x00000000   Number         0  stubs.o ABSOLUTE
    _printf_sizespec                         0x00000000   Number         0  stubs.o ABSOLUTE
    _printf_str                              0x00000000   Number         0  stubs.o ABSOLUTE
    _printf_truncate_signed                  0x00000000   Number         0  stubs.o ABSOLUTE
    _printf_truncate_unsigned                0x00000000   Number         0  stubs.o ABSOLUTE
    _printf_u                                0x00000000   Number         0  stubs.o ABSOLUTE
    _printf_wc                               0x00000000   Number         0  stubs.o ABSOLUTE
    _printf_wctomb                           0x00000000   Number         0  stubs.o ABSOLUTE
    _printf_widthprec                        0x00000000   Number         0  stubs.o ABSOLUTE
    _printf_x                                0x00000000   Number         0  stubs.o ABSOLUTE
    __cpp_initialize__aeabi_                  - Undefined Weak Reference
    __cxa_finalize                            - Undefined Weak Reference
    _clock_init                               - Undefined Weak Reference
    _microlib_exit                            - Undefined Weak Reference
    __Vectors_Size                           0x00000188   Number         0  startup_stm32f407xx.o ABSOLUTE
    __Vectors                                0x08000000   Data           4  startup_stm32f407xx.o(RESET)
    __Vectors_End                            0x08000188   Data           0  startup_stm32f407xx.o(RESET)
    __main                                   0x08000189   Thumb Code     0  entry.o(.ARM.Collect$$$$00000000)
    _main_stk                                0x08000189   Thumb Code     0  entry2.o(.ARM.Collect$$$$00000001)
    _main_scatterload                        0x0800018d   Thumb Code     0  entry5.o(.ARM.Collect$$$$00000004)
    __main_after_scatterload                 0x08000191   Thumb Code     0  entry5.o(.ARM.Collect$$$$00000004)
    _main_clock                              0x08000191   Thumb Code     0  entry7b.o(.ARM.Collect$$$$00000008)
    _main_cpp_init                           0x08000191   Thumb Code     0  entry8b.o(.ARM.Collect$$$$0000000A)
    _main_init                               0x08000191   Thumb Code     0  entry9a.o(.ARM.Collect$$$$0000000B)
    __rt_final_cpp                           0x08000199   Thumb Code     0  entry10a.o(.ARM.Collect$$$$0000000D)
    __rt_final_exit                          0x08000199   Thumb Code     0  entry11a.o(.ARM.Collect$$$$0000000F)
    Reset_Handler                            0x0800019d   Thumb Code     8  startup_stm32f407xx.o(.text)
    ADC_IRQHandler                           0x080001b7   Thumb Code     0  startup_stm32f407xx.o(.text)
    CAN1_RX0_IRQHandler                      0x080001b7   Thumb Code     0  startup_stm32f407xx.o(.text)
    CAN1_RX1_IRQHandler                      0x080001b7   Thumb Code     0  startup_stm32f407xx.o(.text)
    CAN1_SCE_IRQHandler                      0x080001b7   Thumb Code     0  startup_stm32f407xx.o(.text)
    CAN1_TX_IRQHandler                       0x080001b7   Thumb Code     0  startup_stm32f407xx.o(.text)
    CAN2_RX0_IRQHandler                      0x080001b7   Thumb Code     0  startup_stm32f407xx.o(.text)
    CAN2_RX1_IRQHandler                      0x080001b7   Thumb Code     0  startup_stm32f407xx.o(.text)
    CAN2_SCE_IRQHandler                      0x080001b7   Thumb Code     0  startup_stm32f407xx.o(.text)
    CAN2_TX_IRQHandler                       0x080001b7   Thumb Code     0  startup_stm32f407xx.o(.text)
    DCMI_IRQHandler                          0x080001b7   Thumb Code     0  startup_stm32f407xx.o(.text)
    DMA1_Stream0_IRQHandler                  0x080001b7   Thumb Code     0  startup_stm32f407xx.o(.text)
    DMA1_Stream1_IRQHandler                  0x080001b7   Thumb Code     0  startup_stm32f407xx.o(.text)
    DMA1_Stream2_IRQHandler                  0x080001b7   Thumb Code     0  startup_stm32f407xx.o(.text)
    DMA1_Stream3_IRQHandler                  0x080001b7   Thumb Code     0  startup_stm32f407xx.o(.text)
    DMA1_Stream4_IRQHandler                  0x080001b7   Thumb Code     0  startup_stm32f407xx.o(.text)
    DMA1_Stream5_IRQHandler                  0x080001b7   Thumb Code     0  startup_stm32f407xx.o(.text)
    DMA1_Stream6_IRQHandler                  0x080001b7   Thumb Code     0  startup_stm32f407xx.o(.text)
    DMA1_Stream7_IRQHandler                  0x080001b7   Thumb Code     0  startup_stm32f407xx.o(.text)
    DMA2_Stream0_IRQHandler                  0x080001b7   Thumb Code     0  startup_stm32f407xx.o(.text)
    DMA2_Stream1_IRQHandler                  0x080001b7   Thumb Code     0  startup_stm32f407xx.o(.text)
    DMA2_Stream2_IRQHandler                  0x080001b7   Thumb Code     0  startup_stm32f407xx.o(.text)
    DMA2_Stream3_IRQHandler                  0x080001b7   Thumb Code     0  startup_stm32f407xx.o(.text)
    DMA2_Stream5_IRQHandler                  0x080001b7   Thumb Code     0  startup_stm32f407xx.o(.text)
    DMA2_Stream6_IRQHandler                  0x080001b7   Thumb Code     0  startup_stm32f407xx.o(.text)
    DMA2_Stream7_IRQHandler                  0x080001b7   Thumb Code     0  startup_stm32f407xx.o(.text)
    ETH_IRQHandler                           0x080001b7   Thumb Code     0  startup_stm32f407xx.o(.text)
    ETH_WKUP_IRQHandler                      0x080001b7   Thumb Code     0  startup_stm32f407xx.o(.text)
    EXTI0_IRQHandler                         0x080001b7   Thumb Code     0  startup_stm32f407xx.o(.text)
    EXTI15_10_IRQHandler                     0x080001b7   Thumb Code     0  startup_stm32f407xx.o(.text)
    EXTI1_IRQHandler                         0x080001b7   Thumb Code     0  startup_stm32f407xx.o(.text)
    EXTI2_IRQHandler                         0x080001b7   Thumb Code     0  startup_stm32f407xx.o(.text)
    EXTI3_IRQHandler                         0x080001b7   Thumb Code     0  startup_stm32f407xx.o(.text)
    EXTI4_IRQHandler                         0x080001b7   Thumb Code     0  startup_stm32f407xx.o(.text)
    EXTI9_5_IRQHandler                       0x080001b7   Thumb Code     0  startup_stm32f407xx.o(.text)
    FLASH_IRQHandler                         0x080001b7   Thumb Code     0  startup_stm32f407xx.o(.text)
    FMC_IRQHandler                           0x080001b7   Thumb Code     0  startup_stm32f407xx.o(.text)
    FPU_IRQHandler                           0x080001b7   Thumb Code     0  startup_stm32f407xx.o(.text)
    HASH_RNG_IRQHandler                      0x080001b7   Thumb Code     0  startup_stm32f407xx.o(.text)
    I2C1_ER_IRQHandler                       0x080001b7   Thumb Code     0  startup_stm32f407xx.o(.text)
    I2C1_EV_IRQHandler                       0x080001b7   Thumb Code     0  startup_stm32f407xx.o(.text)
    I2C2_ER_IRQHandler                       0x080001b7   Thumb Code     0  startup_stm32f407xx.o(.text)
    I2C2_EV_IRQHandler                       0x080001b7   Thumb Code     0  startup_stm32f407xx.o(.text)
    I2C3_ER_IRQHandler                       0x080001b7   Thumb Code     0  startup_stm32f407xx.o(.text)
    I2C3_EV_IRQHandler                       0x080001b7   Thumb Code     0  startup_stm32f407xx.o(.text)
    OTG_FS_WKUP_IRQHandler                   0x080001b7   Thumb Code     0  startup_stm32f407xx.o(.text)
    OTG_HS_EP1_IN_IRQHandler                 0x080001b7   Thumb Code     0  startup_stm32f407xx.o(.text)
    OTG_HS_EP1_OUT_IRQHandler                0x080001b7   Thumb Code     0  startup_stm32f407xx.o(.text)
    OTG_HS_IRQHandler                        0x080001b7   Thumb Code     0  startup_stm32f407xx.o(.text)
    OTG_HS_WKUP_IRQHandler                   0x080001b7   Thumb Code     0  startup_stm32f407xx.o(.text)
    PVD_IRQHandler                           0x080001b7   Thumb Code     0  startup_stm32f407xx.o(.text)
    RCC_IRQHandler                           0x080001b7   Thumb Code     0  startup_stm32f407xx.o(.text)
    RTC_Alarm_IRQHandler                     0x080001b7   Thumb Code     0  startup_stm32f407xx.o(.text)
    RTC_WKUP_IRQHandler                      0x080001b7   Thumb Code     0  startup_stm32f407xx.o(.text)
    SDIO_IRQHandler                          0x080001b7   Thumb Code     0  startup_stm32f407xx.o(.text)
    SPI1_IRQHandler                          0x080001b7   Thumb Code     0  startup_stm32f407xx.o(.text)
    SPI2_IRQHandler                          0x080001b7   Thumb Code     0  startup_stm32f407xx.o(.text)
    SPI3_IRQHandler                          0x080001b7   Thumb Code     0  startup_stm32f407xx.o(.text)
    TAMP_STAMP_IRQHandler                    0x080001b7   Thumb Code     0  startup_stm32f407xx.o(.text)
    TIM1_BRK_TIM9_IRQHandler                 0x080001b7   Thumb Code     0  startup_stm32f407xx.o(.text)
    TIM1_CC_IRQHandler                       0x080001b7   Thumb Code     0  startup_stm32f407xx.o(.text)
    TIM1_TRG_COM_TIM11_IRQHandler            0x080001b7   Thumb Code     0  startup_stm32f407xx.o(.text)
    TIM1_UP_TIM10_IRQHandler                 0x080001b7   Thumb Code     0  startup_stm32f407xx.o(.text)
    TIM4_IRQHandler                          0x080001b7   Thumb Code     0  startup_stm32f407xx.o(.text)
    TIM5_IRQHandler                          0x080001b7   Thumb Code     0  startup_stm32f407xx.o(.text)
    TIM6_DAC_IRQHandler                      0x080001b7   Thumb Code     0  startup_stm32f407xx.o(.text)
    TIM7_IRQHandler                          0x080001b7   Thumb Code     0  startup_stm32f407xx.o(.text)
    TIM8_BRK_TIM12_IRQHandler                0x080001b7   Thumb Code     0  startup_stm32f407xx.o(.text)
    TIM8_CC_IRQHandler                       0x080001b7   Thumb Code     0  startup_stm32f407xx.o(.text)
    TIM8_TRG_COM_TIM14_IRQHandler            0x080001b7   Thumb Code     0  startup_stm32f407xx.o(.text)
    TIM8_UP_TIM13_IRQHandler                 0x080001b7   Thumb Code     0  startup_stm32f407xx.o(.text)
    UART4_IRQHandler                         0x080001b7   Thumb Code     0  startup_stm32f407xx.o(.text)
    UART5_IRQHandler                         0x080001b7   Thumb Code     0  startup_stm32f407xx.o(.text)
    USART1_IRQHandler                        0x080001b7   Thumb Code     0  startup_stm32f407xx.o(.text)
    USART2_IRQHandler                        0x080001b7   Thumb Code     0  startup_stm32f407xx.o(.text)
    USART6_IRQHandler                        0x080001b7   Thumb Code     0  startup_stm32f407xx.o(.text)
    WWDG_IRQHandler                          0x080001b7   Thumb Code     0  startup_stm32f407xx.o(.text)
    __aeabi_uldivmod                         0x080001c1   Thumb Code    98  uldiv.o(.text)
    __aeabi_memcpy                           0x08000223   Thumb Code    36  memcpya.o(.text)
    __aeabi_memcpy4                          0x08000223   Thumb Code     0  memcpya.o(.text)
    __aeabi_memcpy8                          0x08000223   Thumb Code     0  memcpya.o(.text)
    __aeabi_memset                           0x08000247   Thumb Code    14  memseta.o(.text)
    __aeabi_memset4                          0x08000247   Thumb Code     0  memseta.o(.text)
    __aeabi_memset8                          0x08000247   Thumb Code     0  memseta.o(.text)
    __aeabi_memclr                           0x08000255   Thumb Code     4  memseta.o(.text)
    __aeabi_memclr4                          0x08000255   Thumb Code     0  memseta.o(.text)
    __aeabi_memclr8                          0x08000255   Thumb Code     0  memseta.o(.text)
    _memset$wrapper                          0x08000259   Thumb Code    18  memseta.o(.text)
    strlen                                   0x0800026b   Thumb Code    14  strlen.o(.text)
    __aeabi_dadd                             0x08000279   Thumb Code   322  dadd.o(.text)
    __aeabi_dsub                             0x080003bb   Thumb Code     6  dadd.o(.text)
    __aeabi_drsub                            0x080003c1   Thumb Code     6  dadd.o(.text)
    __aeabi_dmul                             0x080003c7   Thumb Code   228  dmul.o(.text)
    __aeabi_ddiv                             0x080004ab   Thumb Code   222  ddiv.o(.text)
    __aeabi_i2d                              0x08000589   Thumb Code    34  dflti.o(.text)
    __aeabi_ui2d                             0x080005ab   Thumb Code    26  dfltui.o(.text)
    __aeabi_d2iz                             0x080005c5   Thumb Code    62  dfixi.o(.text)
    __aeabi_d2uiz                            0x08000603   Thumb Code    50  dfixui.o(.text)
    __aeabi_f2d                              0x08000635   Thumb Code    38  f2d.o(.text)
    __aeabi_cdrcmple                         0x0800065d   Thumb Code    48  cdrcmple.o(.text)
    __aeabi_d2f                              0x0800068d   Thumb Code    56  d2f.o(.text)
    __aeabi_uidiv                            0x080006c5   Thumb Code     0  uidiv.o(.text)
    __aeabi_uidivmod                         0x080006c5   Thumb Code    44  uidiv.o(.text)
    __aeabi_llsl                             0x080006f1   Thumb Code    30  llshl.o(.text)
    _ll_shift_l                              0x080006f1   Thumb Code     0  llshl.o(.text)
    __aeabi_llsr                             0x0800070f   Thumb Code    32  llushr.o(.text)
    _ll_ushift_r                             0x0800070f   Thumb Code     0  llushr.o(.text)
    __aeabi_lasr                             0x0800072f   Thumb Code    36  llsshr.o(.text)
    _ll_sshift_r                             0x0800072f   Thumb Code     0  llsshr.o(.text)
    __I$use$fp                               0x08000753   Thumb Code     0  iusefp.o(.text)
    _float_round                             0x08000753   Thumb Code    18  fepilogue.o(.text)
    _float_epilogue                          0x08000765   Thumb Code    92  fepilogue.o(.text)
    _double_round                            0x080007c1   Thumb Code    30  depilogue.o(.text)
    _double_epilogue                         0x080007df   Thumb Code   156  depilogue.o(.text)
    __scatterload                            0x0800087d   Thumb Code    28  init.o(.text)
    __scatterload_rt2                        0x0800087d   Thumb Code     0  init.o(.text)
    __decompress                             0x080008a1   Thumb Code     0  __dczerorl2.o(.text)
    __decompress1                            0x080008a1   Thumb Code    86  __dczerorl2.o(.text)
    ADS1115_Getdata                          0x08000aad   Thumb Code   110  main.o(i.ADS1115_Getdata)
    Breath_update                            0x08000b25   Thumb Code    48  main.o(i.Breath_update)
    BusFault_Handler                         0x08000b5d   Thumb Code     2  stm32f4xx_it.o(i.BusFault_Handler)
    CDC_Transmit_FS                          0x08000cc1   Thumb Code    38  usbd_cdc_if.o(i.CDC_Transmit_FS)
    DMA2_Stream4_IRQHandler                  0x08000ced   Thumb Code     6  stm32f4xx_it.o(i.DMA2_Stream4_IRQHandler)
    DebugMon_Handler                         0x08000d9d   Thumb Code     2  stm32f4xx_it.o(i.DebugMon_Handler)
    Decode                                   0x08000da1   Thumb Code    48  main.o(i.Decode)
    Error_Handler                            0x08000dd5   Thumb Code     2  main.o(i.Error_Handler)
    F_delPCalc                               0x08000dd9   Thumb Code    66  main.o(i.F_delPCalc)
    F_gPCalc                                 0x08000e29   Thumb Code    24  main.o(i.F_gPCalc)
    GetFlow                                  0x08000e45   Thumb Code    34  main.o(i.GetFlow)
    HAL_ADC_ConfigChannel                    0x08000e6d   Thumb Code   316  stm32f4xx_hal_adc.o(i.HAL_ADC_ConfigChannel)
    HAL_ADC_ConvCpltCallback                 0x08000fb9   Thumb Code     2  stm32f4xx_hal_adc.o(i.HAL_ADC_ConvCpltCallback)
    HAL_ADC_ConvHalfCpltCallback             0x08000fbb   Thumb Code     2  stm32f4xx_hal_adc.o(i.HAL_ADC_ConvHalfCpltCallback)
    HAL_ADC_ErrorCallback                    0x08000fbd   Thumb Code     2  stm32f4xx_hal_adc.o(i.HAL_ADC_ErrorCallback)
    HAL_ADC_Init                             0x08000fbf   Thumb Code    84  stm32f4xx_hal_adc.o(i.HAL_ADC_Init)
    HAL_ADC_MspInit                          0x08001015   Thumb Code   140  adc.o(i.HAL_ADC_MspInit)
    HAL_ADC_Start_DMA                        0x080010b5   Thumb Code   268  stm32f4xx_hal_adc.o(i.HAL_ADC_Start_DMA)
    HAL_DAC_ConfigChannel                    0x080011e5   Thumb Code    66  stm32f4xx_hal_dac.o(i.HAL_DAC_ConfigChannel)
    HAL_DAC_Init                             0x08001227   Thumb Code    40  stm32f4xx_hal_dac.o(i.HAL_DAC_Init)
    HAL_DAC_MspInit                          0x08001251   Thumb Code    84  dac.o(i.HAL_DAC_MspInit)
    HAL_DAC_SetValue                         0x080012b1   Thumb Code    26  stm32f4xx_hal_dac.o(i.HAL_DAC_SetValue)
    HAL_DAC_Start                            0x080012cb   Thumb Code   108  stm32f4xx_hal_dac.o(i.HAL_DAC_Start)
    HAL_DMA_Abort_IT                         0x08001337   Thumb Code    36  stm32f4xx_hal_dma.o(i.HAL_DMA_Abort_IT)
    HAL_DMA_IRQHandler                       0x0800135d   Thumb Code   412  stm32f4xx_hal_dma.o(i.HAL_DMA_IRQHandler)
    HAL_DMA_Init                             0x080014fd   Thumb Code   206  stm32f4xx_hal_dma.o(i.HAL_DMA_Init)
    HAL_DMA_Start_IT                         0x080015d1   Thumb Code   110  stm32f4xx_hal_dma.o(i.HAL_DMA_Start_IT)
    HAL_Delay                                0x08001641   Thumb Code    32  stm32f4xx_hal.o(i.HAL_Delay)
    HAL_GPIO_Init                            0x08001665   Thumb Code   394  stm32f4xx_hal_gpio.o(i.HAL_GPIO_Init)
    HAL_GPIO_WritePin                        0x0800181d   Thumb Code    10  stm32f4xx_hal_gpio.o(i.HAL_GPIO_WritePin)
    HAL_GetTick                              0x08001829   Thumb Code     6  stm32f4xx_hal.o(i.HAL_GetTick)
    HAL_I2C_Init                             0x08001835   Thumb Code   376  stm32f4xx_hal_i2c.o(i.HAL_I2C_Init)
    HAL_I2C_Master_Receive                   0x080019bd   Thumb Code   468  stm32f4xx_hal_i2c.o(i.HAL_I2C_Master_Receive)
    HAL_I2C_Master_Transmit                  0x08001b9d   Thumb Code   290  stm32f4xx_hal_i2c.o(i.HAL_I2C_Master_Transmit)
    HAL_I2C_MspInit                          0x08001cc9   Thumb Code    92  i2c.o(i.HAL_I2C_MspInit)
    HAL_IncTick                              0x08001d31   Thumb Code    12  stm32f4xx_hal.o(i.HAL_IncTick)
    HAL_Init                                 0x08001d41   Thumb Code    48  stm32f4xx_hal.o(i.HAL_Init)
    HAL_InitTick                             0x08001d75   Thumb Code    54  stm32f4xx_hal.o(i.HAL_InitTick)
    HAL_MspInit                              0x08001db5   Thumb Code    42  stm32f4xx_hal_msp.o(i.HAL_MspInit)
    HAL_NVIC_EnableIRQ                       0x08001de5   Thumb Code    26  stm32f4xx_hal_cortex.o(i.HAL_NVIC_EnableIRQ)
    HAL_NVIC_SetPriority                     0x08001e01   Thumb Code    60  stm32f4xx_hal_cortex.o(i.HAL_NVIC_SetPriority)
    HAL_NVIC_SetPriorityGrouping             0x08001e41   Thumb Code    26  stm32f4xx_hal_cortex.o(i.HAL_NVIC_SetPriorityGrouping)
    HAL_PCDEx_LPM_Callback                   0x08001e65   Thumb Code     2  stm32f4xx_hal_pcd_ex.o(i.HAL_PCDEx_LPM_Callback)
    HAL_PCDEx_SetRxFiFo                      0x08001e67   Thumb Code     8  stm32f4xx_hal_pcd_ex.o(i.HAL_PCDEx_SetRxFiFo)
    HAL_PCDEx_SetTxFiFo                      0x08001e6f   Thumb Code    68  stm32f4xx_hal_pcd_ex.o(i.HAL_PCDEx_SetTxFiFo)
    HAL_PCD_ConnectCallback                  0x08001eb3   Thumb Code     8  usbd_conf.o(i.HAL_PCD_ConnectCallback)
    HAL_PCD_DataInStageCallback              0x08001ebb   Thumb Code    18  usbd_conf.o(i.HAL_PCD_DataInStageCallback)
    HAL_PCD_DataOutStageCallback             0x08001ecd   Thumb Code    20  usbd_conf.o(i.HAL_PCD_DataOutStageCallback)
    HAL_PCD_DisconnectCallback               0x08001ee1   Thumb Code     8  usbd_conf.o(i.HAL_PCD_DisconnectCallback)
    HAL_PCD_EP_Close                         0x08001ee9   Thumb Code    76  stm32f4xx_hal_pcd.o(i.HAL_PCD_EP_Close)
    HAL_PCD_EP_ClrStall                      0x08001f35   Thumb Code    92  stm32f4xx_hal_pcd.o(i.HAL_PCD_EP_ClrStall)
    HAL_PCD_EP_GetRxCount                    0x08001f91   Thumb Code    18  stm32f4xx_hal_pcd.o(i.HAL_PCD_EP_GetRxCount)
    HAL_PCD_EP_Open                          0x08001fa3   Thumb Code    96  stm32f4xx_hal_pcd.o(i.HAL_PCD_EP_Open)
    HAL_PCD_EP_Receive                       0x08002003   Thumb Code    72  stm32f4xx_hal_pcd.o(i.HAL_PCD_EP_Receive)
    HAL_PCD_EP_SetStall                      0x0800204b   Thumb Code   116  stm32f4xx_hal_pcd.o(i.HAL_PCD_EP_SetStall)
    HAL_PCD_EP_Transmit                      0x080020bf   Thumb Code    64  stm32f4xx_hal_pcd.o(i.HAL_PCD_EP_Transmit)
    HAL_PCD_IRQHandler                       0x08002101   Thumb Code  1114  stm32f4xx_hal_pcd.o(i.HAL_PCD_IRQHandler)
    HAL_PCD_ISOINIncompleteCallback          0x08002565   Thumb Code     8  usbd_conf.o(i.HAL_PCD_ISOINIncompleteCallback)
    HAL_PCD_ISOOUTIncompleteCallback         0x0800256d   Thumb Code     8  usbd_conf.o(i.HAL_PCD_ISOOUTIncompleteCallback)
    HAL_PCD_Init                             0x08002575   Thumb Code   226  stm32f4xx_hal_pcd.o(i.HAL_PCD_Init)
    HAL_PCD_MspInit                          0x08002659   Thumb Code   122  usbd_conf.o(i.HAL_PCD_MspInit)
    HAL_PCD_ResetCallback                    0x080026dd   Thumb Code    44  usbd_conf.o(i.HAL_PCD_ResetCallback)
    HAL_PCD_ResumeCallback                   0x08002709   Thumb Code     8  usbd_conf.o(i.HAL_PCD_ResumeCallback)
    HAL_PCD_SOFCallback                      0x08002711   Thumb Code     8  usbd_conf.o(i.HAL_PCD_SOFCallback)
    HAL_PCD_SetAddress                       0x08002719   Thumb Code    40  stm32f4xx_hal_pcd.o(i.HAL_PCD_SetAddress)
    HAL_PCD_SetupStageCallback               0x08002741   Thumb Code    14  usbd_conf.o(i.HAL_PCD_SetupStageCallback)
    HAL_PCD_Start                            0x0800274f   Thumb Code    66  stm32f4xx_hal_pcd.o(i.HAL_PCD_Start)
    HAL_PCD_SuspendCallback                  0x08002791   Thumb Code    44  usbd_conf.o(i.HAL_PCD_SuspendCallback)
    HAL_RCC_CSSCallback                      0x080027c1   Thumb Code     2  stm32f4xx_hal_rcc.o(i.HAL_RCC_CSSCallback)
    HAL_RCC_ClockConfig                      0x080027c5   Thumb Code   288  stm32f4xx_hal_rcc.o(i.HAL_RCC_ClockConfig)
    HAL_RCC_EnableCSS                        0x080028f9   Thumb Code     8  stm32f4xx_hal_rcc.o(i.HAL_RCC_EnableCSS)
    HAL_RCC_GetHCLKFreq                      0x08002905   Thumb Code     6  stm32f4xx_hal_rcc.o(i.HAL_RCC_GetHCLKFreq)
    HAL_RCC_GetPCLK1Freq                     0x08002911   Thumb Code    20  stm32f4xx_hal_rcc.o(i.HAL_RCC_GetPCLK1Freq)
    HAL_RCC_GetPCLK2Freq                     0x08002931   Thumb Code    20  stm32f4xx_hal_rcc.o(i.HAL_RCC_GetPCLK2Freq)
    HAL_RCC_GetSysClockFreq                  0x08002951   Thumb Code    66  stm32f4xx_hal_rcc.o(i.HAL_RCC_GetSysClockFreq)
    HAL_RCC_NMI_IRQHandler                   0x0800299d   Thumb Code    24  stm32f4xx_hal_rcc.o(i.HAL_RCC_NMI_IRQHandler)
    HAL_RCC_OscConfig                        0x080029b9   Thumb Code   834  stm32f4xx_hal_rcc.o(i.HAL_RCC_OscConfig)
    HAL_SYSTICK_Config                       0x08002d15   Thumb Code    40  stm32f4xx_hal_cortex.o(i.HAL_SYSTICK_Config)
    HAL_TIMEx_BreakCallback                  0x08002d3d   Thumb Code     2  stm32f4xx_hal_tim_ex.o(i.HAL_TIMEx_BreakCallback)
    HAL_TIMEx_CommutCallback                 0x08002d3f   Thumb Code     2  stm32f4xx_hal_tim_ex.o(i.HAL_TIMEx_CommutCallback)
    HAL_TIMEx_MasterConfigSynchronization    0x08002d41   Thumb Code   116  stm32f4xx_hal_tim_ex.o(i.HAL_TIMEx_MasterConfigSynchronization)
    HAL_TIM_Base_Init                        0x08002dd1   Thumb Code    54  stm32f4xx_hal_tim.o(i.HAL_TIM_Base_Init)
    HAL_TIM_Base_MspInit                     0x08002e09   Thumb Code    86  tim.o(i.HAL_TIM_Base_MspInit)
    HAL_TIM_Base_Start_IT                    0x08002e69   Thumb Code    34  stm32f4xx_hal_tim.o(i.HAL_TIM_Base_Start_IT)
    HAL_TIM_Base_Stop_IT                     0x08002e8b   Thumb Code    42  stm32f4xx_hal_tim.o(i.HAL_TIM_Base_Stop_IT)
    HAL_TIM_ConfigClockSource                0x08002eb5   Thumb Code   214  stm32f4xx_hal_tim.o(i.HAL_TIM_ConfigClockSource)
    HAL_TIM_IC_CaptureCallback               0x08002f8b   Thumb Code     2  stm32f4xx_hal_tim.o(i.HAL_TIM_IC_CaptureCallback)
    HAL_TIM_IRQHandler                       0x08002f8d   Thumb Code   358  stm32f4xx_hal_tim.o(i.HAL_TIM_IRQHandler)
    HAL_TIM_OC_DelayElapsedCallback          0x080030f3   Thumb Code     2  stm32f4xx_hal_tim.o(i.HAL_TIM_OC_DelayElapsedCallback)
    HAL_TIM_PWM_PulseFinishedCallback        0x080030f5   Thumb Code     2  stm32f4xx_hal_tim.o(i.HAL_TIM_PWM_PulseFinishedCallback)
    HAL_TIM_PeriodElapsedCallback            0x080030f9   Thumb Code   190  main.o(i.HAL_TIM_PeriodElapsedCallback)
    HAL_TIM_TriggerCallback                  0x080031d9   Thumb Code     2  stm32f4xx_hal_tim.o(i.HAL_TIM_TriggerCallback)
    HAL_UART_ErrorCallback                   0x080031db   Thumb Code     2  stm32f4xx_hal_uart.o(i.HAL_UART_ErrorCallback)
    HAL_UART_IRQHandler                      0x080031dd   Thumb Code   270  stm32f4xx_hal_uart.o(i.HAL_UART_IRQHandler)
    HAL_UART_Init                            0x080032f1   Thumb Code    98  stm32f4xx_hal_uart.o(i.HAL_UART_Init)
    HAL_UART_MspInit                         0x08003355   Thumb Code   110  usart.o(i.HAL_UART_MspInit)
    HAL_UART_Receive_IT                      0x080033d1   Thumb Code    82  stm32f4xx_hal_uart.o(i.HAL_UART_Receive_IT)
    HAL_UART_RxCpltCallback                  0x08003425   Thumb Code   142  main.o(i.HAL_UART_RxCpltCallback)
    HAL_UART_Transmit                        0x080034b9   Thumb Code   186  stm32f4xx_hal_uart.o(i.HAL_UART_Transmit)
    HAL_UART_TxCpltCallback                  0x08003573   Thumb Code     2  main.o(i.HAL_UART_TxCpltCallback)
    HardFault_Handler                        0x08003575   Thumb Code     2  stm32f4xx_it.o(i.HardFault_Handler)
    MX_ADC1_Init                             0x08003961   Thumb Code   112  adc.o(i.MX_ADC1_Init)
    MX_DAC_Init                              0x080039dd   Thumb Code    50  dac.o(i.MX_DAC_Init)
    MX_DMA_Init                              0x08003a19   Thumb Code    40  dma.o(i.MX_DMA_Init)
    MX_GPIO_Init                             0x08003a45   Thumb Code   252  gpio.o(i.MX_GPIO_Init)
    MX_I2C1_Init                             0x08003b55   Thumb Code    50  i2c.o(i.MX_I2C1_Init)
    MX_TIM2_Init                             0x08003b95   Thumb Code   102  tim.o(i.MX_TIM2_Init)
    MX_TIM3_Init                             0x08003c01   Thumb Code   100  tim.o(i.MX_TIM3_Init)
    MX_USART3_UART_Init                      0x08003c6d   Thumb Code    48  usart.o(i.MX_USART3_UART_Init)
    MX_USB_DEVICE_Init                       0x08003ca5   Thumb Code    66  usb_device.o(i.MX_USB_DEVICE_Init)
    MemManage_Handler                        0x08003cf9   Thumb Code     2  stm32f4xx_it.o(i.MemManage_Handler)
    NMI_Handler                              0x08003cfb   Thumb Code     4  stm32f4xx_it.o(i.NMI_Handler)
    OTG_FS_IRQHandler                        0x08003d01   Thumb Code     6  stm32f4xx_it.o(i.OTG_FS_IRQHandler)
    PendSV_Handler                           0x08003e8b   Thumb Code     2  stm32f4xx_it.o(i.PendSV_Handler)
    Raw_Volt                                 0x08003e8d   Thumb Code    40  main.o(i.Raw_Volt)
    SVC_Handler                              0x08003ec5   Thumb Code     2  stm32f4xx_it.o(i.SVC_Handler)
    SysTick_Handler                          0x08003ec7   Thumb Code     4  stm32f4xx_it.o(i.SysTick_Handler)
    SystemClock_Config                       0x08003ecd   Thumb Code   128  main.o(i.SystemClock_Config)
    SystemInit                               0x08003f55   Thumb Code    22  system_stm32f4xx.o(i.SystemInit)
    TIM2_IRQHandler                          0x08003f71   Thumb Code     6  stm32f4xx_it.o(i.TIM2_IRQHandler)
    TIM3_IRQHandler                          0x08003f7d   Thumb Code     6  stm32f4xx_it.o(i.TIM3_IRQHandler)
    TIM_Base_SetConfig                       0x08003f89   Thumb Code   156  stm32f4xx_hal_tim.o(i.TIM_Base_SetConfig)
    TIM_ETR_SetConfig                        0x08004051   Thumb Code    20  stm32f4xx_hal_tim.o(i.TIM_ETR_SetConfig)
    Task_OffsetCalculations                  0x080040bd   Thumb Code    40  main.o(i.Task_OffsetCalculations)
    Task_ReceivingPara                       0x080040e9   Thumb Code   656  main.o(i.Task_ReceivingPara)
    Tinex_calc                               0x0800438d   Thumb Code   116  main.o(i.Tinex_calc)
    USART3_IRQHandler                        0x080046c1   Thumb Code     6  stm32f4xx_it.o(i.USART3_IRQHandler)
    USBD_CDC_GetDeviceQualifierDescriptor    0x080047ad   Thumb Code     8  usbd_cdc.o(i.USBD_CDC_GetDeviceQualifierDescriptor)
    USBD_CDC_ReceivePacket                   0x08004871   Thumb Code    40  usbd_cdc.o(i.USBD_CDC_ReceivePacket)
    USBD_CDC_RegisterInterface               0x08004899   Thumb Code    16  usbd_cdc.o(i.USBD_CDC_RegisterInterface)
    USBD_CDC_SetRxBuffer                     0x080048a9   Thumb Code    12  usbd_cdc.o(i.USBD_CDC_SetRxBuffer)
    USBD_CDC_SetTxBuffer                     0x080048b5   Thumb Code    16  usbd_cdc.o(i.USBD_CDC_SetTxBuffer)
    USBD_CDC_TransmitPacket                  0x08004971   Thumb Code    54  usbd_cdc.o(i.USBD_CDC_TransmitPacket)
    USBD_ClrClassConfig                      0x080049a7   Thumb Code    14  usbd_core.o(i.USBD_ClrClassConfig)
    USBD_CtlContinueRx                       0x080049b5   Thumb Code    16  usbd_ioreq.o(i.USBD_CtlContinueRx)
    USBD_CtlContinueSendData                 0x080049c5   Thumb Code    16  usbd_ioreq.o(i.USBD_CtlContinueSendData)
    USBD_CtlError                            0x080049d5   Thumb Code    22  usbd_ctlreq.o(i.USBD_CtlError)
    USBD_CtlPrepareRx                        0x080049eb   Thumb Code    30  usbd_ioreq.o(i.USBD_CtlPrepareRx)
    USBD_CtlReceiveStatus                    0x08004a09   Thumb Code    22  usbd_ioreq.o(i.USBD_CtlReceiveStatus)
    USBD_CtlSendData                         0x08004a1f   Thumb Code    26  usbd_ioreq.o(i.USBD_CtlSendData)
    USBD_CtlSendStatus                       0x08004a39   Thumb Code    22  usbd_ioreq.o(i.USBD_CtlSendStatus)
    USBD_FS_ConfigStrDescriptor              0x08004a51   Thumb Code    16  usbd_desc.o(i.USBD_FS_ConfigStrDescriptor)
    USBD_FS_DeviceDescriptor                 0x08004a75   Thumb Code     8  usbd_desc.o(i.USBD_FS_DeviceDescriptor)
    USBD_FS_InterfaceStrDescriptor           0x08004a81   Thumb Code    16  usbd_desc.o(i.USBD_FS_InterfaceStrDescriptor)
    USBD_FS_LangIDStrDescriptor              0x08004aa5   Thumb Code     8  usbd_desc.o(i.USBD_FS_LangIDStrDescriptor)
    USBD_FS_ManufacturerStrDescriptor        0x08004ab1   Thumb Code    16  usbd_desc.o(i.USBD_FS_ManufacturerStrDescriptor)
    USBD_FS_ProductStrDescriptor             0x08004ad9   Thumb Code    16  usbd_desc.o(i.USBD_FS_ProductStrDescriptor)
    USBD_FS_SerialStrDescriptor              0x08004b05   Thumb Code    48  usbd_desc.o(i.USBD_FS_SerialStrDescriptor)
    USBD_GetString                           0x08004c25   Thumb Code    72  usbd_ctlreq.o(i.USBD_GetString)
    USBD_Get_USB_Status                      0x08004c6d   Thumb Code    24  usbd_conf.o(i.USBD_Get_USB_Status)
    USBD_Init                                0x08004c85   Thumb Code    42  usbd_core.o(i.USBD_Init)
    USBD_LL_ClearStallEP                     0x08004caf   Thumb Code    18  usbd_conf.o(i.USBD_LL_ClearStallEP)
    USBD_LL_CloseEP                          0x08004cc1   Thumb Code    18  usbd_conf.o(i.USBD_LL_CloseEP)
    USBD_LL_DataInStage                      0x08004cd3   Thumb Code   198  usbd_core.o(i.USBD_LL_DataInStage)
    USBD_LL_DataOutStage                     0x08004d99   Thumb Code   130  usbd_core.o(i.USBD_LL_DataOutStage)
    USBD_LL_DevConnected                     0x08004e1b   Thumb Code     4  usbd_core.o(i.USBD_LL_DevConnected)
    USBD_LL_DevDisconnected                  0x08004e1f   Thumb Code    22  usbd_core.o(i.USBD_LL_DevDisconnected)
    USBD_LL_GetRxDataSize                    0x08004e35   Thumb Code     8  usbd_conf.o(i.USBD_LL_GetRxDataSize)
    USBD_LL_Init                             0x08004e3d   Thumb Code    90  usbd_conf.o(i.USBD_LL_Init)
    USBD_LL_IsStallEP                        0x08004e9d   Thumb Code    32  usbd_conf.o(i.USBD_LL_IsStallEP)
    USBD_LL_IsoINIncomplete                  0x08004ebd   Thumb Code     4  usbd_core.o(i.USBD_LL_IsoINIncomplete)
    USBD_LL_IsoOUTIncomplete                 0x08004ec1   Thumb Code     4  usbd_core.o(i.USBD_LL_IsoOUTIncomplete)
    USBD_LL_OpenEP                           0x08004ec5   Thumb Code    24  usbd_conf.o(i.USBD_LL_OpenEP)
    USBD_LL_PrepareReceive                   0x08004edd   Thumb Code    18  usbd_conf.o(i.USBD_LL_PrepareReceive)
    USBD_LL_Reset                            0x08004eef   Thumb Code    80  usbd_core.o(i.USBD_LL_Reset)
    USBD_LL_Resume                           0x08004f3f   Thumb Code    12  usbd_core.o(i.USBD_LL_Resume)
    USBD_LL_SOF                              0x08004f4b   Thumb Code    24  usbd_core.o(i.USBD_LL_SOF)
    USBD_LL_SetSpeed                         0x08004f63   Thumb Code     6  usbd_core.o(i.USBD_LL_SetSpeed)
    USBD_LL_SetUSBAddress                    0x08004f69   Thumb Code    18  usbd_conf.o(i.USBD_LL_SetUSBAddress)
    USBD_LL_SetupStage                       0x08004f7b   Thumb Code    90  usbd_core.o(i.USBD_LL_SetupStage)
    USBD_LL_StallEP                          0x08004fd5   Thumb Code    18  usbd_conf.o(i.USBD_LL_StallEP)
    USBD_LL_Start                            0x08004fe7   Thumb Code    18  usbd_conf.o(i.USBD_LL_Start)
    USBD_LL_Suspend                          0x08004ff9   Thumb Code    18  usbd_core.o(i.USBD_LL_Suspend)
    USBD_LL_Transmit                         0x0800500b   Thumb Code    18  usbd_conf.o(i.USBD_LL_Transmit)
    USBD_ParseSetupRequest                   0x0800501d   Thumb Code    40  usbd_ctlreq.o(i.USBD_ParseSetupRequest)
    USBD_RegisterClass                       0x08005045   Thumb Code    16  usbd_core.o(i.USBD_RegisterClass)
    USBD_SetClassConfig                      0x08005055   Thumb Code    22  usbd_core.o(i.USBD_SetClassConfig)
    USBD_Start                               0x080050f1   Thumb Code    10  usbd_core.o(i.USBD_Start)
    USBD_StdDevReq                           0x080050fb   Thumb Code   274  usbd_ctlreq.o(i.USBD_StdDevReq)
    USBD_StdEPReq                            0x0800520d   Thumb Code   336  usbd_ctlreq.o(i.USBD_StdEPReq)
    USBD_StdItfReq                           0x0800535d   Thumb Code    78  usbd_ctlreq.o(i.USBD_StdItfReq)
    USB_ActivateEndpoint                     0x080053ad   Thumb Code   122  stm32f4xx_ll_usb.o(i.USB_ActivateEndpoint)
    USB_ActivateSetup                        0x0800542d   Thumb Code    52  stm32f4xx_ll_usb.o(i.USB_ActivateSetup)
    USB_CoreInit                             0x08005461   Thumb Code   112  stm32f4xx_ll_usb.o(i.USB_CoreInit)
    USB_DeactivateEndpoint                   0x0800550d   Thumb Code   118  stm32f4xx_ll_usb.o(i.USB_DeactivateEndpoint)
    USB_DevConnect                           0x0800558d   Thumb Code    24  stm32f4xx_ll_usb.o(i.USB_DevConnect)
    USB_DevDisconnect                        0x080055a5   Thumb Code    24  stm32f4xx_ll_usb.o(i.USB_DevDisconnect)
    USB_DevInit                              0x080055bd   Thumb Code   378  stm32f4xx_ll_usb.o(i.USB_DevInit)
    USB_DisableGlobalInt                     0x08005749   Thumb Code    12  stm32f4xx_ll_usb.o(i.USB_DisableGlobalInt)
    USB_EP0StartXfer                         0x08005755   Thumb Code   276  stm32f4xx_ll_usb.o(i.USB_EP0StartXfer)
    USB_EP0_OutStart                         0x0800586d   Thumb Code    84  stm32f4xx_ll_usb.o(i.USB_EP0_OutStart)
    USB_EPClearStall                         0x080058c5   Thumb Code    88  stm32f4xx_ll_usb.o(i.USB_EPClearStall)
    USB_EPSetStall                           0x0800591d   Thumb Code    88  stm32f4xx_ll_usb.o(i.USB_EPSetStall)
    USB_EPStartXfer                          0x08005975   Thumb Code   482  stm32f4xx_ll_usb.o(i.USB_EPStartXfer)
    USB_EnableGlobalInt                      0x08005b5d   Thumb Code    12  stm32f4xx_ll_usb.o(i.USB_EnableGlobalInt)
    USB_FlushRxFifo                          0x08005b69   Thumb Code    28  stm32f4xx_ll_usb.o(i.USB_FlushRxFifo)
    USB_FlushTxFifo                          0x08005b89   Thumb Code    32  stm32f4xx_ll_usb.o(i.USB_FlushTxFifo)
    USB_GetDevSpeed                          0x08005bad   Thumb Code    26  stm32f4xx_ll_usb.o(i.USB_GetDevSpeed)
    USB_GetMode                              0x08005bc7   Thumb Code     8  stm32f4xx_ll_usb.o(i.USB_GetMode)
    USB_ReadDevAllInEpInterrupt              0x08005bcf   Thumb Code    14  stm32f4xx_ll_usb.o(i.USB_ReadDevAllInEpInterrupt)
    USB_ReadDevAllOutEpInterrupt             0x08005bdd   Thumb Code    14  stm32f4xx_ll_usb.o(i.USB_ReadDevAllOutEpInterrupt)
    USB_ReadDevInEPInterrupt                 0x08005beb   Thumb Code    36  stm32f4xx_ll_usb.o(i.USB_ReadDevInEPInterrupt)
    USB_ReadDevOutEPInterrupt                0x08005c0f   Thumb Code    16  stm32f4xx_ll_usb.o(i.USB_ReadDevOutEPInterrupt)
    USB_ReadInterrupts                       0x08005c1f   Thumb Code     8  stm32f4xx_ll_usb.o(i.USB_ReadInterrupts)
    USB_ReadPacket                           0x08005c27   Thumb Code    28  stm32f4xx_ll_usb.o(i.USB_ReadPacket)
    USB_SetCurrentMode                       0x08005c43   Thumb Code    46  stm32f4xx_ll_usb.o(i.USB_SetCurrentMode)
    USB_SetDevAddress                        0x08005c71   Thumb Code    34  stm32f4xx_ll_usb.o(i.USB_SetDevAddress)
    USB_SetTurnaroundTime                    0x08005c95   Thumb Code   158  stm32f4xx_ll_usb.o(i.USB_SetTurnaroundTime)
    USB_WritePacket                          0x08005d7d   Thumb Code    36  stm32f4xx_ll_usb.o(i.USB_WritePacket)
    UsageFault_Handler                       0x08005da1   Thumb Code     2  stm32f4xx_it.o(i.UsageFault_Handler)
    _Flow                                    0x08005da5   Thumb Code   660  main.o(i._Flow)
    __0sprintf$6                             0x080060c5   Thumb Code    34  printf6.o(i.__0sprintf$6)
    __1sprintf$6                             0x080060c5   Thumb Code     0  printf6.o(i.__0sprintf$6)
    __2sprintf                               0x080060c5   Thumb Code     0  printf6.o(i.__0sprintf$6)
    __scatterload_copy                       0x0800610d   Thumb Code    14  handlers.o(i.__scatterload_copy)
    __scatterload_null                       0x0800611b   Thumb Code     2  handlers.o(i.__scatterload_null)
    __scatterload_zeroinit                   0x0800611d   Thumb Code    14  handlers.o(i.__scatterload_zeroinit)
    free                                     0x08006479   Thumb Code    76  malloc.o(i.free)
    function_delPcalibration                 0x080064c9   Thumb Code    44  main.o(i.function_delPcalibration)
    function_gPcalibration                   0x080064f9   Thumb Code    40  main.o(i.function_gPcalibration)
    main                                     0x08006525   Thumb Code  1594  main.o(i.main)
    malloc                                   0x08006b65   Thumb Code    92  malloc.o(i.malloc)
    AHBPrescTable                            0x08006bd8   Data          16  system_stm32f4xx.o(.constdata)
    APBPrescTable                            0x08006be8   Data           8  system_stm32f4xx.o(.constdata)
    Region$$Table$$Base                      0x08006bf0   Number         0  anon$$obj.o(Region$$Table)
    Region$$Table$$Limit                     0x08006c10   Number         0  anon$$obj.o(Region$$Table)
    debug                                    0x20000000   Data           1  main.o(.data)
    mode                                     0x20000001   Data           1  main.o(.data)
    stop                                     0x20000002   Data           1  main.o(.data)
    confirm                                  0x20000003   Data           1  main.o(.data)
    u_status                                 0x20000004   Data           1  main.o(.data)
    PIP                                      0x20000005   Data           1  main.o(.data)
    PEEP                                     0x20000006   Data           1  main.o(.data)
    RespiratoryRate                          0x20000007   Data           1  main.o(.data)
    Iratio                                   0x20000008   Data           1  main.o(.data)
    Eratio                                   0x20000009   Data           1  main.o(.data)
    cycle                                    0x2000000a   Data           1  main.o(.data)
    breath_cycle                             0x2000000b   Data           1  main.o(.data)
    stabilize_count                          0x2000000c   Data           1  main.o(.data)
    Flag                                     0x2000000d   Data           1  main.o(.data)
    flow_F                                   0x2000000e   Data           2  main.o(.data)
    Tinsp                                    0x20000010   Data           2  main.o(.data)
    Texp                                     0x20000012   Data           2  main.o(.data)
    last_insp                                0x20000014   Data           2  main.o(.data)
    VOL                                      0x20000016   Data           2  main.o(.data)
    blowerSpeed                              0x20000018   Data           2  main.o(.data)
    gP_volt                                  0x2000001a   Data           2  main.o(.data)
    delPraw                                  0x2000001c   Data           2  main.o(.data)
    gPraw                                    0x2000001e   Data           2  main.o(.data)
    delP_oldF                                0x20000020   Data           2  main.o(.data)
    delP_newF                                0x20000022   Data           2  main.o(.data)
    P_Offset                                 0x20000024   Data           2  main.o(.data)
    P_Online                                 0x20000026   Data           2  main.o(.data)
    ADSread                                  0x20000028   Data           2  main.o(.data)
    AWflowraw                                0x2000002a   Data           2  main.o(.data)
    ADSwrite                                 0x2000002c   Data           3  main.o(.data)
    delPOffset                               0x20000030   Data           4  main.o(.data)
    pressure                                 0x20000034   Data           4  main.o(.data)
    P_cmh2o                                  0x20000038   Data           4  main.o(.data)
    P_cmh2o1                                 0x2000003c   Data           4  main.o(.data)
    delp_flow1                               0x20000040   Data           4  main.o(.data)
    dp                                       0x20000044   Data           4  main.o(.data)
    Volume                                   0x20000048   Data           4  main.o(.data)
    reacedVolume                             0x2000004c   Data           4  main.o(.data)
    reacedPIP                                0x20000050   Data           4  main.o(.data)
    reacedPEEP                               0x20000054   Data           4  main.o(.data)
    value1                                   0x20000058   Data           4  main.o(.data)
    Tinsp2                                   0x2000005c   Data           4  main.o(.data)
    Tinsp1                                   0x20000060   Data           4  main.o(.data)
    Texp1                                    0x20000064   Data           4  main.o(.data)
    Tresp                                    0x20000068   Data           4  main.o(.data)
    FiO2                                     0x2000006c   Data           4  main.o(.data)
    Trise                                    0x20000070   Data           4  main.o(.data)
    AdcData                                  0x20000074   Data           4  main.o(.data)
    Flow_Volume                              0x20000078   Data           4  main.o(.data)
    P_UART                                   0x2000007c   Data           4  main.o(.data)
    F_UART                                   0x20000080   Data           4  main.o(.data)
    V_UART                                   0x20000084   Data           4  main.o(.data)
    P_USB                                    0x20000088   Data           4  main.o(.data)
    F_USB                                    0x2000008c   Data           4  main.o(.data)
    V_USB                                    0x20000090   Data           4  main.o(.data)
    F_volt                                   0x20000094   Data           4  main.o(.data)
    Rx_UART                                  0x20000098   Data           6  main.o(.data)
    Flow1                                    0x200000a0   Data           8  main.o(.data)
    Flow2                                    0x200000a8   Data           8  main.o(.data)
    delp_flow                                0x200000b0   Data           8  main.o(.data)
    Tx_UART_Regular                          0x200000b8   Data          16  main.o(.data)
    Tx_UART_Sampled                          0x200000c8   Data          16  main.o(.data)
    Tx_USB_Regular                           0x200000d8   Data          16  main.o(.data)
    Tx_USB_Sampled                           0x200000e8   Data          16  main.o(.data)
    CMV_PC                                   0x200000f8   Data          16  main.o(.data)
    CMV_VC                                   0x20000108   Data          16  main.o(.data)
    SIMV_PC                                  0x20000118   Data          16  main.o(.data)
    SIMV_VC                                  0x20000128   Data          16  main.o(.data)
    PS_V                                     0x20000138   Data          16  main.o(.data)
    cPAP_V                                   0x20000148   Data          16  main.o(.data)
    BiPAP_V                                  0x20000158   Data          16  main.o(.data)
    APR_VC                                   0x20000168   Data          16  main.o(.data)
    FS_Desc                                  0x20000178   Data          28  usbd_desc.o(.data)
    USBD_LangIDDesc                          0x20000194   Data           4  usbd_desc.o(.data)
    USBD_FS_DeviceDesc                       0x20000198   Data          18  usbd_desc.o(.data)
    USBD_StringSerial                        0x200001ac   Data          26  usbd_desc.o(.data)
    USBD_Interface_fops_FS                   0x200001c8   Data          16  usbd_cdc_if.o(.data)
    uwTickFreq                               0x200001d8   Data           1  stm32f4xx_hal.o(.data)
    uwTickPrio                               0x200001dc   Data           4  stm32f4xx_hal.o(.data)
    uwTick                                   0x200001e0   Data           4  stm32f4xx_hal.o(.data)
    SystemCoreClock                          0x200001e4   Data           4  system_stm32f4xx.o(.data)
    USBD_CDC_CfgHSDesc                       0x200001f8   Data          67  usbd_cdc.o(.data)
    USBD_CDC_CfgFSDesc                       0x2000023c   Data          67  usbd_cdc.o(.data)
    USBD_CDC_OtherSpeedCfgDesc               0x20000280   Data          67  usbd_cdc.o(.data)
    USBD_CDC                                 0x200002c4   Data          56  usbd_cdc.o(.data)
    __microlib_freelist                      0x200002fc   Data           4  mvars.o(.data)
    __microlib_freelist_initialised          0x20000300   Data           4  mvars.o(.data)
    Data1                                    0x20000304   Data          16  main.o(.bss)
    hadc1                                    0x20000314   Data          72  adc.o(.bss)
    hdma_adc1                                0x2000035c   Data          96  adc.o(.bss)
    hdac                                     0x200003bc   Data          20  dac.o(.bss)
    hi2c1                                    0x200003d0   Data          84  i2c.o(.bss)
    htim2                                    0x20000424   Data          64  tim.o(.bss)
    htim3                                    0x20000464   Data          64  tim.o(.bss)
    huart3                                   0x200004a4   Data          64  usart.o(.bss)
    hUsbDeviceFS                             0x200004e4   Data         668  usb_device.o(.bss)
    USBD_StrDesc                             0x20000780   Data         128  usbd_desc.o(.bss)
    buffer                                   0x20000800   Data          64  usbd_cdc_if.o(.bss)
    UserRxBufferFS                           0x20000840   Data        2048  usbd_cdc_if.o(.bss)
    UserTxBufferFS                           0x20001040   Data        2048  usbd_cdc_if.o(.bss)
    hpcd_USB_OTG_FS                          0x20001840   Data        1032  usbd_conf.o(.bss)
    __heap_base                              0x20001c48   Data           0  startup_stm32f407xx.o(HEAP)
    __heap_limit                             0x20002c48   Data           0  startup_stm32f407xx.o(HEAP)
    __initial_sp                             0x20003148   Data           0  startup_stm32f407xx.o(STACK)



==============================================================================

Memory Map of the image

  Image Entry point : 0x08000189

  Load Region LR_IROM1 (Base: 0x08000000, Size: 0x00006f14, Max: 0x00100000, ABSOLUTE, COMPRESSED[0x00006d24])

    Execution Region ER_IROM1 (Exec base: 0x08000000, Load base: 0x08000000, Size: 0x00006c10, Max: 0x00100000, ABSOLUTE)

    Exec Addr    Load Addr    Size         Type   Attr      Idx    E Section Name        Object

    0x08000000   0x08000000   0x00000188   Data   RO            3    RESET               startup_stm32f407xx.o
    0x08000188   0x08000188   0x00000000   Code   RO         5438  * .ARM.Collect$$$$00000000  mc_w.l(entry.o)
    0x08000188   0x08000188   0x00000004   Code   RO         5760    .ARM.Collect$$$$00000001  mc_w.l(entry2.o)
    0x0800018c   0x0800018c   0x00000004   Code   RO         5763    .ARM.Collect$$$$00000004  mc_w.l(entry5.o)
    0x08000190   0x08000190   0x00000000   Code   RO         5765    .ARM.Collect$$$$00000008  mc_w.l(entry7b.o)
    0x08000190   0x08000190   0x00000000   Code   RO         5767    .ARM.Collect$$$$0000000A  mc_w.l(entry8b.o)
    0x08000190   0x08000190   0x00000008   Code   RO         5768    .ARM.Collect$$$$0000000B  mc_w.l(entry9a.o)
    0x08000198   0x08000198   0x00000000   Code   RO         5770    .ARM.Collect$$$$0000000D  mc_w.l(entry10a.o)
    0x08000198   0x08000198   0x00000000   Code   RO         5772    .ARM.Collect$$$$0000000F  mc_w.l(entry11a.o)
    0x08000198   0x08000198   0x00000004   Code   RO         5761    .ARM.Collect$$$$00002712  mc_w.l(entry2.o)
    0x0800019c   0x0800019c   0x00000024   Code   RO            4    .text               startup_stm32f407xx.o
    0x080001c0   0x080001c0   0x00000062   Code   RO         5441    .text               mc_w.l(uldiv.o)
    0x08000222   0x08000222   0x00000024   Code   RO         5443    .text               mc_w.l(memcpya.o)
    0x08000246   0x08000246   0x00000024   Code   RO         5445    .text               mc_w.l(memseta.o)
    0x0800026a   0x0800026a   0x0000000e   Code   RO         5447    .text               mc_w.l(strlen.o)
    0x08000278   0x08000278   0x0000014e   Code   RO         5740    .text               mf_w.l(dadd.o)
    0x080003c6   0x080003c6   0x000000e4   Code   RO         5742    .text               mf_w.l(dmul.o)
    0x080004aa   0x080004aa   0x000000de   Code   RO         5744    .text               mf_w.l(ddiv.o)
    0x08000588   0x08000588   0x00000022   Code   RO         5746    .text               mf_w.l(dflti.o)
    0x080005aa   0x080005aa   0x0000001a   Code   RO         5748    .text               mf_w.l(dfltui.o)
    0x080005c4   0x080005c4   0x0000003e   Code   RO         5750    .text               mf_w.l(dfixi.o)
    0x08000602   0x08000602   0x00000032   Code   RO         5752    .text               mf_w.l(dfixui.o)
    0x08000634   0x08000634   0x00000026   Code   RO         5754    .text               mf_w.l(f2d.o)
    0x0800065a   0x0800065a   0x00000002   PAD
    0x0800065c   0x0800065c   0x00000030   Code   RO         5756    .text               mf_w.l(cdrcmple.o)
    0x0800068c   0x0800068c   0x00000038   Code   RO         5758    .text               mf_w.l(d2f.o)
    0x080006c4   0x080006c4   0x0000002c   Code   RO         5777    .text               mc_w.l(uidiv.o)
    0x080006f0   0x080006f0   0x0000001e   Code   RO         5779    .text               mc_w.l(llshl.o)
    0x0800070e   0x0800070e   0x00000020   Code   RO         5781    .text               mc_w.l(llushr.o)
    0x0800072e   0x0800072e   0x00000024   Code   RO         5783    .text               mc_w.l(llsshr.o)
    0x08000752   0x08000752   0x00000000   Code   RO         5787    .text               mc_w.l(iusefp.o)
    0x08000752   0x08000752   0x0000006e   Code   RO         5788    .text               mf_w.l(fepilogue.o)
    0x080007c0   0x080007c0   0x000000ba   Code   RO         5790    .text               mf_w.l(depilogue.o)
    0x0800087a   0x0800087a   0x00000002   PAD
    0x0800087c   0x0800087c   0x00000024   Code   RO         5794    .text               mc_w.l(init.o)
    0x080008a0   0x080008a0   0x00000056   Code   RO         5806    .text               mc_w.l(__dczerorl2.o)
    0x080008f6   0x080008f6   0x0000006e   Code   RO         2835    i.ADC_DMAConvCplt   stm32f4xx_hal_adc.o
    0x08000964   0x08000964   0x00000016   Code   RO         2836    i.ADC_DMAError      stm32f4xx_hal_adc.o
    0x0800097a   0x0800097a   0x0000000a   Code   RO         2837    i.ADC_DMAHalfConvCplt  stm32f4xx_hal_adc.o
    0x08000984   0x08000984   0x00000128   Code   RO         2838    i.ADC_Init          stm32f4xx_hal_adc.o
    0x08000aac   0x08000aac   0x00000078   Code   RO           13    i.ADS1115_Getdata   main.o
    0x08000b24   0x08000b24   0x00000038   Code   RO           14    i.Breath_update     main.o
    0x08000b5c   0x08000b5c   0x00000002   Code   RO          647    i.BusFault_Handler  stm32f4xx_it.o
    0x08000b5e   0x08000b5e   0x00000004   Code   RO          894    i.CDC_Control_FS    usbd_cdc_if.o
    0x08000b62   0x08000b62   0x00000004   Code   RO          895    i.CDC_DeInit_FS     usbd_cdc_if.o
    0x08000b66   0x08000b66   0x00000002   PAD
    0x08000b68   0x08000b68   0x00000024   Code   RO          896    i.CDC_Init_FS       usbd_cdc_if.o
    0x08000b8c   0x08000b8c   0x00000134   Code   RO          897    i.CDC_Receive_FS    usbd_cdc_if.o
    0x08000cc0   0x08000cc0   0x0000002c   Code   RO          898    i.CDC_Transmit_FS   usbd_cdc_if.o
    0x08000cec   0x08000cec   0x0000000c   Code   RO          648    i.DMA2_Stream4_IRQHandler  stm32f4xx_it.o
    0x08000cf8   0x08000cf8   0x00000028   Code   RO         2162    i.DMA_CalcBaseAndBitshift  stm32f4xx_hal_dma.o
    0x08000d20   0x08000d20   0x00000054   Code   RO         2163    i.DMA_CheckFifoParam  stm32f4xx_hal_dma.o
    0x08000d74   0x08000d74   0x00000028   Code   RO         2164    i.DMA_SetConfig     stm32f4xx_hal_dma.o
    0x08000d9c   0x08000d9c   0x00000002   Code   RO          649    i.DebugMon_Handler  stm32f4xx_it.o
    0x08000d9e   0x08000d9e   0x00000002   PAD
    0x08000da0   0x08000da0   0x00000034   Code   RO           15    i.Decode            main.o
    0x08000dd4   0x08000dd4   0x00000002   Code   RO           16    i.Error_Handler     main.o
    0x08000dd6   0x08000dd6   0x00000002   PAD
    0x08000dd8   0x08000dd8   0x00000050   Code   RO           17    i.F_delPCalc        main.o
    0x08000e28   0x08000e28   0x0000001c   Code   RO           18    i.F_gPCalc          main.o
    0x08000e44   0x08000e44   0x00000028   Code   RO           19    i.GetFlow           main.o
    0x08000e6c   0x08000e6c   0x0000014c   Code   RO         2840    i.HAL_ADC_ConfigChannel  stm32f4xx_hal_adc.o
    0x08000fb8   0x08000fb8   0x00000002   Code   RO         2841    i.HAL_ADC_ConvCpltCallback  stm32f4xx_hal_adc.o
    0x08000fba   0x08000fba   0x00000002   Code   RO         2842    i.HAL_ADC_ConvHalfCpltCallback  stm32f4xx_hal_adc.o
    0x08000fbc   0x08000fbc   0x00000002   Code   RO         2844    i.HAL_ADC_ErrorCallback  stm32f4xx_hal_adc.o
    0x08000fbe   0x08000fbe   0x00000054   Code   RO         2849    i.HAL_ADC_Init      stm32f4xx_hal_adc.o
    0x08001012   0x08001012   0x00000002   PAD
    0x08001014   0x08001014   0x000000a0   Code   RO          408    i.HAL_ADC_MspInit   adc.o
    0x080010b4   0x080010b4   0x00000130   Code   RO         2856    i.HAL_ADC_Start_DMA  stm32f4xx_hal_adc.o
    0x080011e4   0x080011e4   0x00000042   Code   RO         3113    i.HAL_DAC_ConfigChannel  stm32f4xx_hal_dac.o
    0x08001226   0x08001226   0x00000028   Code   RO         3123    i.HAL_DAC_Init      stm32f4xx_hal_dac.o
    0x0800124e   0x0800124e   0x00000002   PAD
    0x08001250   0x08001250   0x00000060   Code   RO          450    i.HAL_DAC_MspInit   dac.o
    0x080012b0   0x080012b0   0x0000001a   Code   RO         3126    i.HAL_DAC_SetValue  stm32f4xx_hal_dac.o
    0x080012ca   0x080012ca   0x0000006c   Code   RO         3127    i.HAL_DAC_Start     stm32f4xx_hal_dac.o
    0x08001336   0x08001336   0x00000024   Code   RO         2166    i.HAL_DMA_Abort_IT  stm32f4xx_hal_dma.o
    0x0800135a   0x0800135a   0x00000002   PAD
    0x0800135c   0x0800135c   0x000001a0   Code   RO         2170    i.HAL_DMA_IRQHandler  stm32f4xx_hal_dma.o
    0x080014fc   0x080014fc   0x000000d4   Code   RO         2171    i.HAL_DMA_Init      stm32f4xx_hal_dma.o
    0x080015d0   0x080015d0   0x0000006e   Code   RO         2175    i.HAL_DMA_Start_IT  stm32f4xx_hal_dma.o
    0x0800163e   0x0800163e   0x00000002   PAD
    0x08001640   0x08001640   0x00000024   Code   RO         2584    i.HAL_Delay         stm32f4xx_hal.o
    0x08001664   0x08001664   0x000001b8   Code   RO         2058    i.HAL_GPIO_Init     stm32f4xx_hal_gpio.o
    0x0800181c   0x0800181c   0x0000000a   Code   RO         2062    i.HAL_GPIO_WritePin  stm32f4xx_hal_gpio.o
    0x08001826   0x08001826   0x00000002   PAD
    0x08001828   0x08001828   0x0000000c   Code   RO         2590    i.HAL_GetTick       stm32f4xx_hal.o
    0x08001834   0x08001834   0x00000188   Code   RO         3346    i.HAL_I2C_Init      stm32f4xx_hal_i2c.o
    0x080019bc   0x080019bc   0x000001e0   Code   RO         3352    i.HAL_I2C_Master_Receive  stm32f4xx_hal_i2c.o
    0x08001b9c   0x08001b9c   0x0000012c   Code   RO         3359    i.HAL_I2C_Master_Transmit  stm32f4xx_hal_i2c.o
    0x08001cc8   0x08001cc8   0x00000068   Code   RO          516    i.HAL_I2C_MspInit   i2c.o
    0x08001d30   0x08001d30   0x00000010   Code   RO         2596    i.HAL_IncTick       stm32f4xx_hal.o
    0x08001d40   0x08001d40   0x00000034   Code   RO         2597    i.HAL_Init          stm32f4xx_hal.o
    0x08001d74   0x08001d74   0x00000040   Code   RO         2598    i.HAL_InitTick      stm32f4xx_hal.o
    0x08001db4   0x08001db4   0x00000030   Code   RO          753    i.HAL_MspInit       stm32f4xx_hal_msp.o
    0x08001de4   0x08001de4   0x0000001a   Code   RO         2447    i.HAL_NVIC_EnableIRQ  stm32f4xx_hal_cortex.o
    0x08001dfe   0x08001dfe   0x00000002   PAD
    0x08001e00   0x08001e00   0x00000040   Code   RO         2453    i.HAL_NVIC_SetPriority  stm32f4xx_hal_cortex.o
    0x08001e40   0x08001e40   0x00000024   Code   RO         2454    i.HAL_NVIC_SetPriorityGrouping  stm32f4xx_hal_cortex.o
    0x08001e64   0x08001e64   0x00000002   Code   RO         1362    i.HAL_PCDEx_LPM_Callback  stm32f4xx_hal_pcd_ex.o
    0x08001e66   0x08001e66   0x00000008   Code   RO         1363    i.HAL_PCDEx_SetRxFiFo  stm32f4xx_hal_pcd_ex.o
    0x08001e6e   0x08001e6e   0x00000044   Code   RO         1364    i.HAL_PCDEx_SetTxFiFo  stm32f4xx_hal_pcd_ex.o
    0x08001eb2   0x08001eb2   0x00000008   Code   RO          946    i.HAL_PCD_ConnectCallback  usbd_conf.o
    0x08001eba   0x08001eba   0x00000012   Code   RO          947    i.HAL_PCD_DataInStageCallback  usbd_conf.o
    0x08001ecc   0x08001ecc   0x00000014   Code   RO          948    i.HAL_PCD_DataOutStageCallback  usbd_conf.o
    0x08001ee0   0x08001ee0   0x00000008   Code   RO          949    i.HAL_PCD_DisconnectCallback  usbd_conf.o
    0x08001ee8   0x08001ee8   0x0000004c   Code   RO         1150    i.HAL_PCD_EP_Close  stm32f4xx_hal_pcd.o
    0x08001f34   0x08001f34   0x0000005c   Code   RO         1151    i.HAL_PCD_EP_ClrStall  stm32f4xx_hal_pcd.o
    0x08001f90   0x08001f90   0x00000012   Code   RO         1153    i.HAL_PCD_EP_GetRxCount  stm32f4xx_hal_pcd.o
    0x08001fa2   0x08001fa2   0x00000060   Code   RO         1154    i.HAL_PCD_EP_Open   stm32f4xx_hal_pcd.o
    0x08002002   0x08002002   0x00000048   Code   RO         1155    i.HAL_PCD_EP_Receive  stm32f4xx_hal_pcd.o
    0x0800204a   0x0800204a   0x00000074   Code   RO         1156    i.HAL_PCD_EP_SetStall  stm32f4xx_hal_pcd.o
    0x080020be   0x080020be   0x00000040   Code   RO         1157    i.HAL_PCD_EP_Transmit  stm32f4xx_hal_pcd.o
    0x080020fe   0x080020fe   0x00000002   PAD
    0x08002100   0x08002100   0x00000464   Code   RO         1159    i.HAL_PCD_IRQHandler  stm32f4xx_hal_pcd.o
    0x08002564   0x08002564   0x00000008   Code   RO          950    i.HAL_PCD_ISOINIncompleteCallback  usbd_conf.o
    0x0800256c   0x0800256c   0x00000008   Code   RO          951    i.HAL_PCD_ISOOUTIncompleteCallback  usbd_conf.o
    0x08002574   0x08002574   0x000000e2   Code   RO         1162    i.HAL_PCD_Init      stm32f4xx_hal_pcd.o
    0x08002656   0x08002656   0x00000002   PAD
    0x08002658   0x08002658   0x00000084   Code   RO          953    i.HAL_PCD_MspInit   usbd_conf.o
    0x080026dc   0x080026dc   0x0000002c   Code   RO          954    i.HAL_PCD_ResetCallback  usbd_conf.o
    0x08002708   0x08002708   0x00000008   Code   RO          955    i.HAL_PCD_ResumeCallback  usbd_conf.o
    0x08002710   0x08002710   0x00000008   Code   RO          956    i.HAL_PCD_SOFCallback  usbd_conf.o
    0x08002718   0x08002718   0x00000028   Code   RO         1168    i.HAL_PCD_SetAddress  stm32f4xx_hal_pcd.o
    0x08002740   0x08002740   0x0000000e   Code   RO          957    i.HAL_PCD_SetupStageCallback  usbd_conf.o
    0x0800274e   0x0800274e   0x00000042   Code   RO         1170    i.HAL_PCD_Start     stm32f4xx_hal_pcd.o
    0x08002790   0x08002790   0x00000030   Code   RO          958    i.HAL_PCD_SuspendCallback  usbd_conf.o
    0x080027c0   0x080027c0   0x00000002   Code   RO         1703    i.HAL_RCC_CSSCallback  stm32f4xx_hal_rcc.o
    0x080027c2   0x080027c2   0x00000002   PAD
    0x080027c4   0x080027c4   0x00000134   Code   RO         1704    i.HAL_RCC_ClockConfig  stm32f4xx_hal_rcc.o
    0x080028f8   0x080028f8   0x0000000c   Code   RO         1707    i.HAL_RCC_EnableCSS  stm32f4xx_hal_rcc.o
    0x08002904   0x08002904   0x0000000c   Code   RO         1709    i.HAL_RCC_GetHCLKFreq  stm32f4xx_hal_rcc.o
    0x08002910   0x08002910   0x00000020   Code   RO         1711    i.HAL_RCC_GetPCLK1Freq  stm32f4xx_hal_rcc.o
    0x08002930   0x08002930   0x00000020   Code   RO         1712    i.HAL_RCC_GetPCLK2Freq  stm32f4xx_hal_rcc.o
    0x08002950   0x08002950   0x0000004c   Code   RO         1713    i.HAL_RCC_GetSysClockFreq  stm32f4xx_hal_rcc.o
    0x0800299c   0x0800299c   0x0000001c   Code   RO         1715    i.HAL_RCC_NMI_IRQHandler  stm32f4xx_hal_rcc.o
    0x080029b8   0x080029b8   0x0000035c   Code   RO         1716    i.HAL_RCC_OscConfig  stm32f4xx_hal_rcc.o
    0x08002d14   0x08002d14   0x00000028   Code   RO         2458    i.HAL_SYSTICK_Config  stm32f4xx_hal_cortex.o
    0x08002d3c   0x08002d3c   0x00000002   Code   RO         4457    i.HAL_TIMEx_BreakCallback  stm32f4xx_hal_tim_ex.o
    0x08002d3e   0x08002d3e   0x00000002   Code   RO         4458    i.HAL_TIMEx_CommutCallback  stm32f4xx_hal_tim_ex.o
    0x08002d40   0x08002d40   0x00000090   Code   RO         4475    i.HAL_TIMEx_MasterConfigSynchronization  stm32f4xx_hal_tim_ex.o
    0x08002dd0   0x08002dd0   0x00000036   Code   RO         3782    i.HAL_TIM_Base_Init  stm32f4xx_hal_tim.o
    0x08002e06   0x08002e06   0x00000002   PAD
    0x08002e08   0x08002e08   0x00000060   Code   RO          558    i.HAL_TIM_Base_MspInit  tim.o
    0x08002e68   0x08002e68   0x00000022   Code   RO         3787    i.HAL_TIM_Base_Start_IT  stm32f4xx_hal_tim.o
    0x08002e8a   0x08002e8a   0x0000002a   Code   RO         3790    i.HAL_TIM_Base_Stop_IT  stm32f4xx_hal_tim.o
    0x08002eb4   0x08002eb4   0x000000d6   Code   RO         3791    i.HAL_TIM_ConfigClockSource  stm32f4xx_hal_tim.o
    0x08002f8a   0x08002f8a   0x00000002   Code   RO         3811    i.HAL_TIM_IC_CaptureCallback  stm32f4xx_hal_tim.o
    0x08002f8c   0x08002f8c   0x00000166   Code   RO         3825    i.HAL_TIM_IRQHandler  stm32f4xx_hal_tim.o
    0x080030f2   0x080030f2   0x00000002   Code   RO         3828    i.HAL_TIM_OC_DelayElapsedCallback  stm32f4xx_hal_tim.o
    0x080030f4   0x080030f4   0x00000002   Code   RO         3855    i.HAL_TIM_PWM_PulseFinishedCallback  stm32f4xx_hal_tim.o
    0x080030f6   0x080030f6   0x00000002   PAD
    0x080030f8   0x080030f8   0x000000e0   Code   RO           20    i.HAL_TIM_PeriodElapsedCallback  main.o
    0x080031d8   0x080031d8   0x00000002   Code   RO         3868    i.HAL_TIM_TriggerCallback  stm32f4xx_hal_tim.o
    0x080031da   0x080031da   0x00000002   Code   RO         4729    i.HAL_UART_ErrorCallback  stm32f4xx_hal_uart.o
    0x080031dc   0x080031dc   0x00000114   Code   RO         4732    i.HAL_UART_IRQHandler  stm32f4xx_hal_uart.o
    0x080032f0   0x080032f0   0x00000062   Code   RO         4733    i.HAL_UART_Init     stm32f4xx_hal_uart.o
    0x08003352   0x08003352   0x00000002   PAD
    0x08003354   0x08003354   0x0000007c   Code   RO          606    i.HAL_UART_MspInit  usart.o
    0x080033d0   0x080033d0   0x00000052   Code   RO         4738    i.HAL_UART_Receive_IT  stm32f4xx_hal_uart.o
    0x08003422   0x08003422   0x00000002   PAD
    0x08003424   0x08003424   0x00000094   Code   RO           21    i.HAL_UART_RxCpltCallback  main.o
    0x080034b8   0x080034b8   0x000000ba   Code   RO         4741    i.HAL_UART_Transmit  stm32f4xx_hal_uart.o
    0x08003572   0x08003572   0x00000002   Code   RO           22    i.HAL_UART_TxCpltCallback  main.o
    0x08003574   0x08003574   0x00000002   Code   RO          650    i.HardFault_Handler  stm32f4xx_it.o
    0x08003576   0x08003576   0x0000002e   Code   RO         3388    i.I2C_IsAcknowledgeFailed  stm32f4xx_hal_i2c.o
    0x080035a4   0x080035a4   0x000000ec   Code   RO         3391    i.I2C_MasterRequestRead  stm32f4xx_hal_i2c.o
    0x08003690   0x08003690   0x0000009c   Code   RO         3392    i.I2C_MasterRequestWrite  stm32f4xx_hal_i2c.o
    0x0800372c   0x0800372c   0x0000004c   Code   RO         3402    i.I2C_WaitOnBTFFlagUntilTimeout  stm32f4xx_hal_i2c.o
    0x08003778   0x08003778   0x00000068   Code   RO         3403    i.I2C_WaitOnFlagUntilTimeout  stm32f4xx_hal_i2c.o
    0x080037e0   0x080037e0   0x00000096   Code   RO         3404    i.I2C_WaitOnMasterAddressFlagUntilTimeout  stm32f4xx_hal_i2c.o
    0x08003876   0x08003876   0x00000066   Code   RO         3405    i.I2C_WaitOnRXNEFlagUntilTimeout  stm32f4xx_hal_i2c.o
    0x080038dc   0x080038dc   0x0000004c   Code   RO         3406    i.I2C_WaitOnTXEFlagUntilTimeout  stm32f4xx_hal_i2c.o
    0x08003928   0x08003928   0x00000038   Code   RO          808    i.IntToUnicode      usbd_desc.o
    0x08003960   0x08003960   0x0000007c   Code   RO          409    i.MX_ADC1_Init      adc.o
    0x080039dc   0x080039dc   0x0000003c   Code   RO          451    i.MX_DAC_Init       dac.o
    0x08003a18   0x08003a18   0x0000002c   Code   RO          491    i.MX_DMA_Init       dma.o
    0x08003a44   0x08003a44   0x00000110   Code   RO          383    i.MX_GPIO_Init      gpio.o
    0x08003b54   0x08003b54   0x00000040   Code   RO          517    i.MX_I2C1_Init      i2c.o
    0x08003b94   0x08003b94   0x0000006c   Code   RO          559    i.MX_TIM2_Init      tim.o
    0x08003c00   0x08003c00   0x0000006c   Code   RO          560    i.MX_TIM3_Init      tim.o
    0x08003c6c   0x08003c6c   0x00000038   Code   RO          607    i.MX_USART3_UART_Init  usart.o
    0x08003ca4   0x08003ca4   0x00000054   Code   RO          777    i.MX_USB_DEVICE_Init  usb_device.o
    0x08003cf8   0x08003cf8   0x00000002   Code   RO          651    i.MemManage_Handler  stm32f4xx_it.o
    0x08003cfa   0x08003cfa   0x00000004   Code   RO          652    i.NMI_Handler       stm32f4xx_it.o
    0x08003cfe   0x08003cfe   0x00000002   PAD
    0x08003d00   0x08003d00   0x0000000c   Code   RO          653    i.OTG_FS_IRQHandler  stm32f4xx_it.o
    0x08003d0c   0x08003d0c   0x000000dc   Code   RO         1173    i.PCD_EP_OutXfrComplete_int  stm32f4xx_hal_pcd.o
    0x08003de8   0x08003de8   0x000000a2   Code   RO         1174    i.PCD_WriteEmptyTxFifo  stm32f4xx_hal_pcd.o
    0x08003e8a   0x08003e8a   0x00000002   Code   RO          654    i.PendSV_Handler    stm32f4xx_it.o
    0x08003e8c   0x08003e8c   0x00000038   Code   RO           24    i.Raw_Volt          main.o
    0x08003ec4   0x08003ec4   0x00000002   Code   RO          655    i.SVC_Handler       stm32f4xx_it.o
    0x08003ec6   0x08003ec6   0x00000004   Code   RO          656    i.SysTick_Handler   stm32f4xx_it.o
    0x08003eca   0x08003eca   0x00000002   PAD
    0x08003ecc   0x08003ecc   0x00000088   Code   RO           25    i.SystemClock_Config  main.o
    0x08003f54   0x08003f54   0x0000001c   Code   RO         5035    i.SystemInit        system_stm32f4xx.o
    0x08003f70   0x08003f70   0x0000000c   Code   RO          657    i.TIM2_IRQHandler   stm32f4xx_it.o
    0x08003f7c   0x08003f7c   0x0000000c   Code   RO          658    i.TIM3_IRQHandler   stm32f4xx_it.o
    0x08003f88   0x08003f88   0x000000c8   Code   RO         3870    i.TIM_Base_SetConfig  stm32f4xx_hal_tim.o
    0x08004050   0x08004050   0x00000014   Code   RO         3881    i.TIM_ETR_SetConfig  stm32f4xx_hal_tim.o
    0x08004064   0x08004064   0x00000010   Code   RO         3882    i.TIM_ITRx_SetConfig  stm32f4xx_hal_tim.o
    0x08004074   0x08004074   0x00000022   Code   RO         3888    i.TIM_TI1_ConfigInputStage  stm32f4xx_hal_tim.o
    0x08004096   0x08004096   0x00000024   Code   RO         3890    i.TIM_TI2_ConfigInputStage  stm32f4xx_hal_tim.o
    0x080040ba   0x080040ba   0x00000002   PAD
    0x080040bc   0x080040bc   0x0000002c   Code   RO           27    i.Task_OffsetCalculations  main.o
    0x080040e8   0x080040e8   0x000002a4   Code   RO           28    i.Task_ReceivingPara  main.o
    0x0800438c   0x0800438c   0x00000080   Code   RO           29    i.Tinex_calc        main.o
    0x0800440c   0x0800440c   0x00000010   Code   RO         4746    i.UART_DMAAbortOnError  stm32f4xx_hal_uart.o
    0x0800441c   0x0800441c   0x0000001c   Code   RO         4756    i.UART_EndRxTransfer  stm32f4xx_hal_uart.o
    0x08004438   0x08004438   0x00000096   Code   RO         4758    i.UART_Receive_IT   stm32f4xx_hal_uart.o
    0x080044ce   0x080044ce   0x00000002   PAD
    0x080044d0   0x080044d0   0x00000128   Code   RO         4759    i.UART_SetConfig    stm32f4xx_hal_uart.o
    0x080045f8   0x080045f8   0x00000062   Code   RO         4760    i.UART_Transmit_IT  stm32f4xx_hal_uart.o
    0x0800465a   0x0800465a   0x00000064   Code   RO         4761    i.UART_WaitOnFlagUntilTimeout  stm32f4xx_hal_uart.o
    0x080046be   0x080046be   0x00000002   PAD
    0x080046c0   0x080046c0   0x0000000c   Code   RO          659    i.USART3_IRQHandler  stm32f4xx_it.o
    0x080046cc   0x080046cc   0x0000004a   Code   RO         5335    i.USBD_CDC_DataIn   usbd_cdc.o
    0x08004716   0x08004716   0x0000002e   Code   RO         5336    i.USBD_CDC_DataOut  usbd_cdc.o
    0x08004744   0x08004744   0x00000044   Code   RO         5337    i.USBD_CDC_DeInit   usbd_cdc.o
    0x08004788   0x08004788   0x00000024   Code   RO         5338    i.USBD_CDC_EP0_RxReady  usbd_cdc.o
    0x080047ac   0x080047ac   0x0000000c   Code   RO         5339    i.USBD_CDC_GetDeviceQualifierDescriptor  usbd_cdc.o
    0x080047b8   0x080047b8   0x0000000c   Code   RO         5340    i.USBD_CDC_GetFSCfgDesc  usbd_cdc.o
    0x080047c4   0x080047c4   0x0000000c   Code   RO         5341    i.USBD_CDC_GetHSCfgDesc  usbd_cdc.o
    0x080047d0   0x080047d0   0x0000000c   Code   RO         5342    i.USBD_CDC_GetOtherSpeedCfgDesc  usbd_cdc.o
    0x080047dc   0x080047dc   0x00000094   Code   RO         5343    i.USBD_CDC_Init     usbd_cdc.o
    0x08004870   0x08004870   0x00000028   Code   RO         5344    i.USBD_CDC_ReceivePacket  usbd_cdc.o
    0x08004898   0x08004898   0x00000010   Code   RO         5345    i.USBD_CDC_RegisterInterface  usbd_cdc.o
    0x080048a8   0x080048a8   0x0000000c   Code   RO         5346    i.USBD_CDC_SetRxBuffer  usbd_cdc.o
    0x080048b4   0x080048b4   0x00000010   Code   RO         5347    i.USBD_CDC_SetTxBuffer  usbd_cdc.o
    0x080048c4   0x080048c4   0x000000ac   Code   RO         5348    i.USBD_CDC_Setup    usbd_cdc.o
    0x08004970   0x08004970   0x00000036   Code   RO         5349    i.USBD_CDC_TransmitPacket  usbd_cdc.o
    0x080049a6   0x080049a6   0x0000000e   Code   RO         5072    i.USBD_ClrClassConfig  usbd_core.o
    0x080049b4   0x080049b4   0x00000010   Code   RO         5275    i.USBD_CtlContinueRx  usbd_ioreq.o
    0x080049c4   0x080049c4   0x00000010   Code   RO         5276    i.USBD_CtlContinueSendData  usbd_ioreq.o
    0x080049d4   0x080049d4   0x00000016   Code   RO         5210    i.USBD_CtlError     usbd_ctlreq.o
    0x080049ea   0x080049ea   0x0000001e   Code   RO         5277    i.USBD_CtlPrepareRx  usbd_ioreq.o
    0x08004a08   0x08004a08   0x00000016   Code   RO         5278    i.USBD_CtlReceiveStatus  usbd_ioreq.o
    0x08004a1e   0x08004a1e   0x0000001a   Code   RO         5279    i.USBD_CtlSendData  usbd_ioreq.o
    0x08004a38   0x08004a38   0x00000016   Code   RO         5280    i.USBD_CtlSendStatus  usbd_ioreq.o
    0x08004a4e   0x08004a4e   0x00000002   PAD
    0x08004a50   0x08004a50   0x00000024   Code   RO          809    i.USBD_FS_ConfigStrDescriptor  usbd_desc.o
    0x08004a74   0x08004a74   0x0000000c   Code   RO          810    i.USBD_FS_DeviceDescriptor  usbd_desc.o
    0x08004a80   0x08004a80   0x00000024   Code   RO          811    i.USBD_FS_InterfaceStrDescriptor  usbd_desc.o
    0x08004aa4   0x08004aa4   0x0000000c   Code   RO          812    i.USBD_FS_LangIDStrDescriptor  usbd_desc.o
    0x08004ab0   0x08004ab0   0x00000028   Code   RO          813    i.USBD_FS_ManufacturerStrDescriptor  usbd_desc.o
    0x08004ad8   0x08004ad8   0x0000002c   Code   RO          814    i.USBD_FS_ProductStrDescriptor  usbd_desc.o
    0x08004b04   0x08004b04   0x00000038   Code   RO          815    i.USBD_FS_SerialStrDescriptor  usbd_desc.o
    0x08004b3c   0x08004b3c   0x000000e8   Code   RO         5211    i.USBD_GetDescriptor  usbd_ctlreq.o
    0x08004c24   0x08004c24   0x00000048   Code   RO         5212    i.USBD_GetString    usbd_ctlreq.o
    0x08004c6c   0x08004c6c   0x00000018   Code   RO          959    i.USBD_Get_USB_Status  usbd_conf.o
    0x08004c84   0x08004c84   0x0000002a   Code   RO         5074    i.USBD_Init         usbd_core.o
    0x08004cae   0x08004cae   0x00000012   Code   RO          960    i.USBD_LL_ClearStallEP  usbd_conf.o
    0x08004cc0   0x08004cc0   0x00000012   Code   RO          961    i.USBD_LL_CloseEP   usbd_conf.o
    0x08004cd2   0x08004cd2   0x000000c6   Code   RO         5075    i.USBD_LL_DataInStage  usbd_core.o
    0x08004d98   0x08004d98   0x00000082   Code   RO         5076    i.USBD_LL_DataOutStage  usbd_core.o
    0x08004e1a   0x08004e1a   0x00000004   Code   RO         5077    i.USBD_LL_DevConnected  usbd_core.o
    0x08004e1e   0x08004e1e   0x00000016   Code   RO         5078    i.USBD_LL_DevDisconnected  usbd_core.o
    0x08004e34   0x08004e34   0x00000008   Code   RO          965    i.USBD_LL_GetRxDataSize  usbd_conf.o
    0x08004e3c   0x08004e3c   0x00000060   Code   RO          966    i.USBD_LL_Init      usbd_conf.o
    0x08004e9c   0x08004e9c   0x00000020   Code   RO          967    i.USBD_LL_IsStallEP  usbd_conf.o
    0x08004ebc   0x08004ebc   0x00000004   Code   RO         5079    i.USBD_LL_IsoINIncomplete  usbd_core.o
    0x08004ec0   0x08004ec0   0x00000004   Code   RO         5080    i.USBD_LL_IsoOUTIncomplete  usbd_core.o
    0x08004ec4   0x08004ec4   0x00000018   Code   RO          968    i.USBD_LL_OpenEP    usbd_conf.o
    0x08004edc   0x08004edc   0x00000012   Code   RO          969    i.USBD_LL_PrepareReceive  usbd_conf.o
    0x08004eee   0x08004eee   0x00000050   Code   RO         5081    i.USBD_LL_Reset     usbd_core.o
    0x08004f3e   0x08004f3e   0x0000000c   Code   RO         5082    i.USBD_LL_Resume    usbd_core.o
    0x08004f4a   0x08004f4a   0x00000018   Code   RO         5083    i.USBD_LL_SOF       usbd_core.o
    0x08004f62   0x08004f62   0x00000006   Code   RO         5084    i.USBD_LL_SetSpeed  usbd_core.o
    0x08004f68   0x08004f68   0x00000012   Code   RO          970    i.USBD_LL_SetUSBAddress  usbd_conf.o
    0x08004f7a   0x08004f7a   0x0000005a   Code   RO         5085    i.USBD_LL_SetupStage  usbd_core.o
    0x08004fd4   0x08004fd4   0x00000012   Code   RO          971    i.USBD_LL_StallEP   usbd_conf.o
    0x08004fe6   0x08004fe6   0x00000012   Code   RO          972    i.USBD_LL_Start     usbd_conf.o
    0x08004ff8   0x08004ff8   0x00000012   Code   RO         5086    i.USBD_LL_Suspend   usbd_core.o
    0x0800500a   0x0800500a   0x00000012   Code   RO          974    i.USBD_LL_Transmit  usbd_conf.o
    0x0800501c   0x0800501c   0x00000028   Code   RO         5213    i.USBD_ParseSetupRequest  usbd_ctlreq.o
    0x08005044   0x08005044   0x00000010   Code   RO         5087    i.USBD_RegisterClass  usbd_core.o
    0x08005054   0x08005054   0x00000016   Code   RO         5089    i.USBD_SetClassConfig  usbd_core.o
    0x0800506a   0x0800506a   0x00000002   PAD
    0x0800506c   0x0800506c   0x00000084   Code   RO         5214    i.USBD_SetConfig    usbd_ctlreq.o
    0x080050f0   0x080050f0   0x0000000a   Code   RO         5090    i.USBD_Start        usbd_core.o
    0x080050fa   0x080050fa   0x00000112   Code   RO         5215    i.USBD_StdDevReq    usbd_ctlreq.o
    0x0800520c   0x0800520c   0x00000150   Code   RO         5216    i.USBD_StdEPReq     usbd_ctlreq.o
    0x0800535c   0x0800535c   0x0000004e   Code   RO         5217    i.USBD_StdItfReq    usbd_ctlreq.o
    0x080053aa   0x080053aa   0x00000002   PAD
    0x080053ac   0x080053ac   0x00000080   Code   RO         1404    i.USB_ActivateEndpoint  stm32f4xx_ll_usb.o
    0x0800542c   0x0800542c   0x00000034   Code   RO         1406    i.USB_ActivateSetup  stm32f4xx_ll_usb.o
    0x08005460   0x08005460   0x00000074   Code   RO         1408    i.USB_CoreInit      stm32f4xx_ll_usb.o
    0x080054d4   0x080054d4   0x00000038   Code   RO         1409    i.USB_CoreReset     stm32f4xx_ll_usb.o
    0x0800550c   0x0800550c   0x00000080   Code   RO         1412    i.USB_DeactivateEndpoint  stm32f4xx_ll_usb.o
    0x0800558c   0x0800558c   0x00000018   Code   RO         1413    i.USB_DevConnect    stm32f4xx_ll_usb.o
    0x080055a4   0x080055a4   0x00000018   Code   RO         1414    i.USB_DevDisconnect  stm32f4xx_ll_usb.o
    0x080055bc   0x080055bc   0x0000018c   Code   RO         1415    i.USB_DevInit       stm32f4xx_ll_usb.o
    0x08005748   0x08005748   0x0000000c   Code   RO         1416    i.USB_DisableGlobalInt  stm32f4xx_ll_usb.o
    0x08005754   0x08005754   0x00000118   Code   RO         1419    i.USB_EP0StartXfer  stm32f4xx_ll_usb.o
    0x0800586c   0x0800586c   0x00000058   Code   RO         1420    i.USB_EP0_OutStart  stm32f4xx_ll_usb.o
    0x080058c4   0x080058c4   0x00000058   Code   RO         1421    i.USB_EPClearStall  stm32f4xx_ll_usb.o
    0x0800591c   0x0800591c   0x00000058   Code   RO         1422    i.USB_EPSetStall    stm32f4xx_ll_usb.o
    0x08005974   0x08005974   0x000001e8   Code   RO         1423    i.USB_EPStartXfer   stm32f4xx_ll_usb.o
    0x08005b5c   0x08005b5c   0x0000000c   Code   RO         1424    i.USB_EnableGlobalInt  stm32f4xx_ll_usb.o
    0x08005b68   0x08005b68   0x00000020   Code   RO         1425    i.USB_FlushRxFifo   stm32f4xx_ll_usb.o
    0x08005b88   0x08005b88   0x00000024   Code   RO         1426    i.USB_FlushTxFifo   stm32f4xx_ll_usb.o
    0x08005bac   0x08005bac   0x0000001a   Code   RO         1428    i.USB_GetDevSpeed   stm32f4xx_ll_usb.o
    0x08005bc6   0x08005bc6   0x00000008   Code   RO         1430    i.USB_GetMode       stm32f4xx_ll_usb.o
    0x08005bce   0x08005bce   0x0000000e   Code   RO         1437    i.USB_ReadDevAllInEpInterrupt  stm32f4xx_ll_usb.o
    0x08005bdc   0x08005bdc   0x0000000e   Code   RO         1438    i.USB_ReadDevAllOutEpInterrupt  stm32f4xx_ll_usb.o
    0x08005bea   0x08005bea   0x00000024   Code   RO         1439    i.USB_ReadDevInEPInterrupt  stm32f4xx_ll_usb.o
    0x08005c0e   0x08005c0e   0x00000010   Code   RO         1440    i.USB_ReadDevOutEPInterrupt  stm32f4xx_ll_usb.o
    0x08005c1e   0x08005c1e   0x00000008   Code   RO         1441    i.USB_ReadInterrupts  stm32f4xx_ll_usb.o
    0x08005c26   0x08005c26   0x0000001c   Code   RO         1442    i.USB_ReadPacket    stm32f4xx_ll_usb.o
    0x08005c42   0x08005c42   0x0000002e   Code   RO         1444    i.USB_SetCurrentMode  stm32f4xx_ll_usb.o
    0x08005c70   0x08005c70   0x00000022   Code   RO         1445    i.USB_SetDevAddress  stm32f4xx_ll_usb.o
    0x08005c92   0x08005c92   0x00000002   PAD
    0x08005c94   0x08005c94   0x000000e8   Code   RO         1447    i.USB_SetTurnaroundTime  stm32f4xx_ll_usb.o
    0x08005d7c   0x08005d7c   0x00000024   Code   RO         1450    i.USB_WritePacket   stm32f4xx_ll_usb.o
    0x08005da0   0x08005da0   0x00000002   Code   RO          660    i.UsageFault_Handler  stm32f4xx_it.o
    0x08005da2   0x08005da2   0x00000002   PAD
    0x08005da4   0x08005da4   0x00000320   Code   RO           30    i._Flow             main.o
    0x080060c4   0x080060c4   0x00000028   Code   RO         5608    i.__0sprintf$6      mc_w.l(printf6.o)
    0x080060ec   0x080060ec   0x00000020   Code   RO         2460    i.__NVIC_SetPriority  stm32f4xx_hal_cortex.o
    0x0800610c   0x0800610c   0x0000000e   Code   RO         5800    i.__scatterload_copy  mc_w.l(handlers.o)
    0x0800611a   0x0800611a   0x00000002   Code   RO         5801    i.__scatterload_null  mc_w.l(handlers.o)
    0x0800611c   0x0800611c   0x0000000e   Code   RO         5802    i.__scatterload_zeroinit  mc_w.l(handlers.o)
    0x0800612a   0x0800612a   0x00000002   PAD
    0x0800612c   0x0800612c   0x000002f0   Code   RO         5613    i._printf_core      mc_w.l(printf6.o)
    0x0800641c   0x0800641c   0x00000024   Code   RO         5614    i._printf_post_padding  mc_w.l(printf6.o)
    0x08006440   0x08006440   0x0000002e   Code   RO         5615    i._printf_pre_padding  mc_w.l(printf6.o)
    0x0800646e   0x0800646e   0x0000000a   Code   RO         5617    i._sputc            mc_w.l(printf6.o)
    0x08006478   0x08006478   0x00000050   Code   RO         5712    i.free              mc_w.l(malloc.o)
    0x080064c8   0x080064c8   0x00000030   Code   RO           31    i.function_delPcalibration  main.o
    0x080064f8   0x080064f8   0x0000002c   Code   RO           32    i.function_gPcalibration  main.o
    0x08006524   0x08006524   0x00000640   Code   RO           33    i.main              main.o
    0x08006b64   0x08006b64   0x0000006c   Code   RO         5713    i.malloc            mc_w.l(malloc.o)
    0x08006bd0   0x08006bd0   0x00000008   Data   RO         2177    .constdata          stm32f4xx_hal_dma.o
    0x08006bd8   0x08006bd8   0x00000010   Data   RO         5036    .constdata          system_stm32f4xx.o
    0x08006be8   0x08006be8   0x00000008   Data   RO         5037    .constdata          system_stm32f4xx.o
    0x08006bf0   0x08006bf0   0x00000020   Data   RO         5798    Region$$Table       anon$$obj.o


    Execution Region RW_IRAM1 (Exec base: 0x20000000, Load base: 0x08006c10, Size: 0x00003148, Max: 0x00020000, ABSOLUTE, COMPRESSED[0x00000114])

    Exec Addr    Load Addr    Size         Type   Attr      Idx    E Section Name        Object

    0x20000000   COMPRESSED   0x00000178   Data   RW           40    .data               main.o
    0x20000178   COMPRESSED   0x0000001c   Data   RW          817    .data               usbd_desc.o
    0x20000194   COMPRESSED   0x00000032   Data   RW          818    .data               usbd_desc.o
    0x200001c6   COMPRESSED   0x00000002   PAD
    0x200001c8   COMPRESSED   0x00000010   Data   RW          900    .data               usbd_cdc_if.o
    0x200001d8   COMPRESSED   0x0000000c   Data   RW         2604    .data               stm32f4xx_hal.o
    0x200001e4   COMPRESSED   0x00000004   Data   RW         5038    .data               system_stm32f4xx.o
    0x200001e8   COMPRESSED   0x00000001   Data   RW         5218    .data               usbd_ctlreq.o
    0x200001e9   COMPRESSED   0x00000003   PAD
    0x200001ec   COMPRESSED   0x000000d7   Data   RW         5350    .data               usbd_cdc.o
    0x200002c3   COMPRESSED   0x00000001   PAD
    0x200002c4   COMPRESSED   0x00000038   Data   RW         5351    .data               usbd_cdc.o
    0x200002fc   COMPRESSED   0x00000004   Data   RW         5785    .data               mc_w.l(mvars.o)
    0x20000300   COMPRESSED   0x00000004   Data   RW         5786    .data               mc_w.l(mvars.o)
    0x20000304        -       0x00000010   Zero   RW           34    .bss                main.o
    0x20000314        -       0x000000a8   Zero   RW          410    .bss                adc.o
    0x200003bc        -       0x00000014   Zero   RW          452    .bss                dac.o
    0x200003d0        -       0x00000054   Zero   RW          518    .bss                i2c.o
    0x20000424        -       0x00000080   Zero   RW          561    .bss                tim.o
    0x200004a4        -       0x00000040   Zero   RW          608    .bss                usart.o
    0x200004e4        -       0x0000029c   Zero   RW          778    .bss                usb_device.o
    0x20000780        -       0x00000080   Zero   RW          816    .bss                usbd_desc.o
    0x20000800        -       0x00001040   Zero   RW          899    .bss                usbd_cdc_if.o
    0x20001840        -       0x00000408   Zero   RW          975    .bss                usbd_conf.o
    0x20001c48        -       0x00001000   Zero   RW            2    HEAP                startup_stm32f407xx.o
    0x20002c48        -       0x00000500   Zero   RW            1    STACK               startup_stm32f407xx.o


==============================================================================

Image component sizes


      Code (inc. data)   RO Data    RW Data    ZI Data      Debug   Object Name

       284         32          0          0        168       1991   adc.o
       156         22          0          0         20       1851   dac.o
        44          4          0          0          0        870   dma.o
       272         20          0          0          0       1171   gpio.o
       168         26          0          0         84       1869   i2c.o
      4284        384          0        376         16     744525   main.o
        36          8        392          0       5376        884   startup_stm32f407xx.o
       180         28          0         12          0       9785   stm32f4xx_hal.o
      1164         64          0          0          0       7909   stm32f4xx_hal_adc.o
       198         14          0          0          0      34223   stm32f4xx_hal_cortex.o
       240          0          0          0          0       3734   stm32f4xx_hal_dac.o
       938         16          8          0          0       6834   stm32f4xx_hal_dma.o
       450         46          0          0          0       2540   stm32f4xx_hal_gpio.o
      2118         50          0          0          0      13070   stm32f4xx_hal_i2c.o
        48          6          0          0          0        950   stm32f4xx_hal_msp.o
      2372         18          0          0          0      13549   stm32f4xx_hal_pcd.o
        78          0          0          0          0       2585   stm32f4xx_hal_pcd_ex.o
      1362         94          0          0          0       7759   stm32f4xx_hal_rcc.o
      1016         44          0          0          0      11328   stm32f4xx_hal_tim.o
       148         28          0          0          0       2641   stm32f4xx_hal_tim_ex.o
      1332         16          0          0          0       9785   stm32f4xx_hal_uart.o
        82         30          0          0          0       7164   stm32f4xx_it.o
      2546        140          0          0          0      24167   stm32f4xx_ll_usb.o
        28          6         24          4          0       1299   system_stm32f4xx.o
       312         24          0          0        128       2651   tim.o
       180         22          0          0         64       1910   usart.o
        84         18          0          0        668        904   usb_device.o
       730         16          0        271          0      14338   usbd_cdc.o
       396         98          0         16       4160       4494   usbd_cdc_if.o
       634         20          0          0       1032      16908   usbd_conf.o
       696          0          0          0          0      13149   usbd_core.o
      1186         28          0          1          0       8540   usbd_ctlreq.o
       292        108          0         78        128       6653   usbd_desc.o
       132          0          0          0          0       4836   usbd_ioreq.o

    ----------------------------------------------------------------------
     24238       1430        456        764      11844     986866   Object Totals
         0          0         32          0          0          0   (incl. Generated)
        52          0          0          6          0          0   (incl. Padding)

    ----------------------------------------------------------------------

      Code (inc. data)   RO Data    RW Data    ZI Data      Debug   Library Member Name

        86          0          0          0          0          0   __dczerorl2.o
         0          0          0          0          0          0   entry.o
         0          0          0          0          0          0   entry10a.o
         0          0          0          0          0          0   entry11a.o
         8          4          0          0          0          0   entry2.o
         4          0          0          0          0          0   entry5.o
         0          0          0          0          0          0   entry7b.o
         0          0          0          0          0          0   entry8b.o
         8          4          0          0          0          0   entry9a.o
        30          0          0          0          0          0   handlers.o
        36          8          0          0          0         68   init.o
         0          0          0          0          0          0   iusefp.o
        30          0          0          0          0         68   llshl.o
        36          0          0          0          0         68   llsshr.o
        32          0          0          0          0         68   llushr.o
       188         20          0          0          0        160   malloc.o
        36          0          0          0          0         68   memcpya.o
        36          0          0          0          0        108   memseta.o
         0          0          0          8          0          0   mvars.o
       884         10          0          0          0        420   printf6.o
        14          0          0          0          0         68   strlen.o
        44          0          0          0          0         80   uidiv.o
        98          0          0          0          0         92   uldiv.o
        48          0          0          0          0         68   cdrcmple.o
        56          0          0          0          0         88   d2f.o
       334          0          0          0          0        148   dadd.o
       222          0          0          0          0        100   ddiv.o
       186          0          0          0          0        176   depilogue.o
        62          0          0          0          0         80   dfixi.o
        50          0          0          0          0         76   dfixui.o
        34          0          0          0          0         76   dflti.o
        26          0          0          0          0         76   dfltui.o
       228          0          0          0          0         96   dmul.o
        38          0          0          0          0         68   f2d.o
       110          0          0          0          0        168   fepilogue.o

    ----------------------------------------------------------------------
      2970         46          0          8          0       2488   Library Totals
         6          0          0          0          0          0   (incl. Padding)

    ----------------------------------------------------------------------

      Code (inc. data)   RO Data    RW Data    ZI Data      Debug   Library Name

      1570         46          0          8          0       1268   mc_w.l
      1394          0          0          0          0       1220   mf_w.l

    ----------------------------------------------------------------------
      2970         46          0          8          0       2488   Library Totals

    ----------------------------------------------------------------------

==============================================================================


      Code (inc. data)   RO Data    RW Data    ZI Data      Debug   

     27208       1476        456        772      11844     963338   Grand Totals
     27208       1476        456        276      11844     963338   ELF Image Totals (compressed)
     27208       1476        456        276          0          0   ROM Totals

==============================================================================

    Total RO  Size (Code + RO Data)                27664 (  27.02kB)
    Total RW  Size (RW Data + ZI Data)             12616 (  12.32kB)
    Total ROM Size (Code + RO Data + RW Data)      27940 (  27.29kB)

==============================================================================

